[00:42:40][pdx_persistent_reader.cpp:268]: Error: "Unknown modifier type: country_radicals_from_political_movements_mult. It is either invalid, or a potential dynamic modifier type definition missing from the database.: country_radicals_from_political_movements_mult, near line: 135" in file: "common/static_modifiers/eafp_korea_rework_modi.txt" near line: 135
[00:42:40][pdx_persistent_reader.cpp:268]: Error: "Unknown modifier type: ig_approval_add. It is either invalid, or a potential dynamic modifier type definition missing from the database.: ig_approval_add, near line: 164" in file: "common/static_modifiers/eafp_korean_reformation_modifiers.txt" near line: 164
[00:42:40][pdx_persistent_reader.cpp:268]: Error: "Unknown modifier type: country_law_enactment_time_mult. It is either invalid, or a potential dynamic modifier type definition missing from the database.: country_law_enactment_time_mult, near line: 177" in file: "common/static_modifiers/eafp_korean_reformation_modifiers.txt" near line: 177
[00:42:40][pdx_persistent_reader.cpp:268]: Error: "Unknown modifier type: unit_army_morale_mult. It is either invalid, or a potential dynamic modifier type definition missing from the database.: unit_army_morale_mult, near line: 461" in file: "common/static_modifiers/eafp_korean_reformation_modifiers.txt" near line: 461
[00:42:40][pdx_persistent_reader.cpp:268]: Error: "Unknown modifier type: building_group_bg_light_industry_mortality_mult. It is either invalid, or a potential dynamic modifier type definition missing from the database.: building_group_bg_light_industry_mortality_mult, near line: 150" in file: "common/static_modifiers/eafp_mongolia_modifiers.txt" near line: 150
[00:42:40][pdx_persistent_reader.cpp:268]: Error: "Unknown modifier type: building_group_bg_light_industry_employee_mult. It is either invalid, or a potential dynamic modifier type definition missing from the database.: building_group_bg_light_industry_employee_mult, near line: 205" in file: "common/static_modifiers/eafp_mongolia_modifiers.txt" near line: 205
[00:42:40][pdx_assert.cpp:641]: Assertion failed: Exceeding maximum amount of Prestige Goods per Goods for porcelain (3)
[00:42:40][lexer.cpp:285]: File 'common/laws/eafp_governance_principles.txt' should be in utf8-bom encoding (will try to use it anyways)
[00:42:43][jomini_effect.cpp:753]: Inconsistent effect scopes (state vs. state_region) incommon/scripted_effects/eafp_china_effects.txt:341
[00:42:43][jomini_effect.cpp:753]: Inconsistent effect scopes (state vs. state_region) incommon/scripted_effects/eafp_china_effects.txt:385
[00:42:43][jomini_effect.cpp:753]: Inconsistent effect scopes (state vs. state_region) incommon/scripted_effects/eafp_china_effects.txt:418
[00:42:43][jomini_effect.cpp:753]: Inconsistent effect scopes (state vs. state_region) incommon/scripted_effects/eafp_china_effects.txt:473
[00:42:43][jomini_effect.cpp:753]: Inconsistent effect scopes (state vs. state_region) incommon/scripted_effects/eafp_china_effects.txt:500
[00:42:43][jomini_effect.cpp:753]: Inconsistent effect scopes (state vs. state_region) incommon/scripted_effects/eafp_china_effects.txt:547
[00:42:43][jomini_effect.cpp:753]: Inconsistent effect scopes (state vs. state_region) incommon/scripted_effects/eafp_china_effects.txt:574
[00:42:43][jomini_effect.cpp:753]: Inconsistent effect scopes (state vs. state_region) incommon/scripted_effects/eafp_china_effects.txt:601
[00:42:43][jomini_effect.cpp:753]: Inconsistent effect scopes (state vs. state_region) incommon/scripted_effects/eafp_china_effects.txt:626
[00:42:43][jomini_effect.cpp:753]: Inconsistent effect scopes (state vs. state_region) incommon/scripted_effects/eafp_china_effects.txt:653
[00:42:43][jomini_effect.cpp:753]: Inconsistent effect scopes (state vs. state_region) incommon/scripted_effects/eafp_china_effects.txt:680
[00:42:43][jomini_effect.cpp:753]: Inconsistent effect scopes (state vs. state_region) incommon/scripted_effects/eafp_china_effects.txt:726
[00:42:43][jomini_effect.cpp:753]: Inconsistent effect scopes (state vs. state_region) incommon/scripted_effects/eafp_china_effects.txt:760
[00:42:43][jomini_effect.cpp:753]: Inconsistent effect scopes (state vs. state_region) incommon/scripted_effects/eafp_china_effects.txt:791
[00:42:43][jomini_effect.cpp:753]: Inconsistent effect scopes (state vs. state_region) incommon/scripted_effects/eafp_china_effects.txt:810
[00:42:43][jomini_effect.cpp:753]: Inconsistent effect scopes (state vs. state_region) incommon/scripted_effects/eafp_china_effects.txt:837
[00:42:43][jomini_effect.cpp:753]: Inconsistent effect scopes (state vs. state_region) incommon/scripted_effects/eafp_china_effects.txt:864
[00:42:43][jomini_effect.cpp:753]: Inconsistent effect scopes (state vs. state_region) incommon/scripted_effects/eafp_china_effects.txt:891
[00:42:43][jomini_effect.cpp:753]: Inconsistent effect scopes (state vs. state_region) incommon/scripted_effects/eafp_china_effects.txt:924
[00:42:43][jomini_effect.cpp:753]: Inconsistent effect scopes (state vs. state_region) incommon/scripted_effects/eafp_china_effects.txt:951
[00:42:43][jomini_effect.cpp:753]: Inconsistent effect scopes (state vs. state_region) incommon/scripted_effects/eafp_china_effects.txt:978
[00:42:43][jomini_effect.cpp:753]: Inconsistent effect scopes (state vs. state_region) incommon/scripted_effects/eafp_china_effects.txt:1005
[00:42:43][jomini_effect.cpp:753]: Inconsistent effect scopes (state vs. state_region) incommon/scripted_effects/eafp_china_effects.txt:1032
[00:42:43][jomini_effect.cpp:753]: Inconsistent effect scopes (state vs. state_region) incommon/scripted_effects/eafp_china_effects.txt:1051
[00:42:43][jomini_mapobject_database.cpp:894]: could not find pdxmesh object with key [european_province_farm_01_nobillboards_mesh]. gfx/map/map_object_data/generated/european_dynamic_farmland_objects_generator_1.txt:7
[00:42:44][virtualfilesystem.cpp:569]: Could not find texture due to 'VFSOpen Error: gfx/interface/icons/religion_icons/nihilist.dds not found'
[00:42:45][jomini_dynamicdescription.cpp:29]: There should be only one special desc. common/parties/eafp_parties.txt:2
[00:42:45][jomini_dynamicdescription.cpp:29]: There should be only one special desc. common/parties/eafp_parties.txt:15
[00:42:45][jomini_dynamicdescription.cpp:29]: There should be only one special desc. common/parties/eafp_parties.txt:28
[00:42:45][jomini_dynamicdescription.cpp:29]: There should be only one special desc. common/parties/eafp_parties.txt:47
[00:42:45][jomini_dynamicdescription.cpp:29]: There should be only one special desc. common/parties/eafp_parties.txt:61
[00:42:45][jomini_dynamicdescription.cpp:29]: There should be only one special desc. common/parties/eafp_parties.txt:74
[00:42:45][jomini_dynamicdescription.cpp:29]: There should be only one special desc. common/parties/eafp_parties.txt:87
[00:42:45][jomini_dynamicdescription.cpp:29]: There should be only one special desc. common/parties/eafp_parties.txt:101
[00:42:45][jomini_dynamicdescription.cpp:29]: There should be only one special desc. common/parties/eafp_parties.txt:115
[00:42:45][jomini_dynamicdescription.cpp:29]: There should be only one special desc. common/parties/eafp_parties.txt:128
[00:42:45][jomini_dynamicdescription.cpp:29]: There should be only one special desc. common/parties/eafp_parties.txt:141
[00:42:45][jomini_dynamicdescription.cpp:67]: Unrecognized loc key Debug Event 3. events/eafp_debug.txt:105
[00:42:45][jomini_dynamicdescription.cpp:67]: Unrecognized loc key This is a debug event for testing purposes.. events/eafp_debug.txt:106
[00:42:45][jomini_dynamicdescription.cpp:67]: Unrecognized loc key Option 1. CEventOptionDesc:139
[00:42:45][pdx_persistent_reader.cpp:268]: Error: "Unknown trigger type: has_port, near line: 1294" in file: "events/meiji_restoration.txt" near line: 1295
[00:42:45][pdx_persistent_reader.cpp:268]: Error: "Unknown trigger type: has_port, near line: 1313" in file: "events/meiji_restoration.txt" near line: 1313
[00:42:45][pdx_persistent_reader.cpp:268]: Error: "Unknown trigger type: has_port, near line: 7604" in file: "events/eafp_jap_events/eafp_japan.txt" near line: 7607
[00:42:45][pdx_persistent_reader.cpp:268]: Error: "Unknown trigger type: has_port, near line: 7623" in file: "events/eafp_jap_events/eafp_japan.txt" near line: 7626
[00:42:45][pdx_persistent_reader.cpp:268]: Error: "Unknown trigger type: has_port, near line: 7830" in file: "events/eafp_jap_events/eafp_japan.txt" near line: 7833
[00:42:45][pdx_persistent_reader.cpp:268]: Error: "Unknown trigger type: has_port, near line: 7849" in file: "events/eafp_jap_events/eafp_japan.txt" near line: 7852
[00:42:45][pdx_persistent_reader.cpp:268]: Error: "Unknown trigger type: has_port, near line: 7924" in file: "events/eafp_jap_events/eafp_japan.txt" near line: 7927
[00:42:45][pdx_persistent_reader.cpp:268]: Error: "Unknown trigger type: has_port, near line: 7943" in file: "events/eafp_jap_events/eafp_japan.txt" near line: 7946
[00:42:45][jomini_dynamicdescription.cpp:67]: Unrecognized loc key karafuto_events.1.t. events/eafp_jap_events/eafp_karafuto_events.txt:7
[00:42:45][jomini_dynamicdescription.cpp:67]: Unrecognized loc key karafuto_events.1.d. events/eafp_jap_events/eafp_karafuto_events.txt:8
[00:42:45][jomini_dynamicdescription.cpp:67]: Unrecognized loc key karafuto_events.1.f. events/eafp_jap_events/eafp_karafuto_events.txt:9
[00:42:45][jomini_dynamicdescription.cpp:67]: Unrecognized loc key karafuto_events.1.a. CEventOptionDesc:139
[00:42:45][jomini_dynamicdescription.cpp:67]: Unrecognized loc key zaibatsu_events.3.a. CEventOptionDesc:139
[00:42:45][jomini_dynamicdescription.cpp:67]: Unrecognized loc key zaibatsu_events.4.a. CEventOptionDesc:139
[00:42:45][jomini_effect.cpp:542]: Unknown effect every_scope_state_in_dongbei at events/eafp_kor_events/eafp_kor_manchuria_events.txt:76
[00:42:45][lexer.cpp:285]: File 'events/eafp_mgl_events/eafp_mongolia_politics.txt' should be in utf8-bom encoding (will try to use it anyways)
[00:42:45][pdx_persistent_reader.cpp:268]: Error: "Unknown trigger type: relations:c:MGL, near line: 407" in file: "events/eafp_mgl_events/eafp_mongolia_politics.txt" near line: 407
[00:42:45][jomini_eventmanager.cpp:440]: Duplicated event ID 'regency.1' found. New Location: 'events/00_com_regency_event_blocker.txt:7', Previous Location: 'events/iberia_events/regency_events.txt:4'
[00:42:45][pdx_persistent_reader.cpp:268]: Error: "Wrong type parsed in create_character effect: =, near line: 10550" in file: "common/character_templates/EAFP_japan_character_templates.txt" near line: 10550
[00:42:45][jomini_onaction.cpp:124]: There is more than one 'effect' defined using most recent:common/on_actions/cmf_heir_blocker.txt:4
[00:42:45][jomini_onaction.cpp:124]: There is more than one 'effect' defined using most recent:common/on_actions/com_formation_event_blocker.txt:4
[00:42:46][lexer.cpp:285]: File 'common/scripted_buttons/eafp_chinese_interregnum_buttons.txt' should be in utf8-bom encoding (will try to use it anyways)
[00:42:46][jomini_effect.cpp:542]: Unknown effect random_scope_state_in_dongbei at common/scripted_buttons/eafp_kor_manchuria_buttons.txt:28
[00:42:46][jomini_effect.cpp:542]: Unknown effect every_scope_state_in_dongbei at common/scripted_buttons/eafp_kor_manchuria_buttons.txt:110
[00:42:46][jomini_dynamicdescription.cpp:67]: Unrecognized loc key eafp_scripted_button_gando_ambition_gando_acquisition. common/scripted_buttons/eafp_korean_reformation_buttons.txt:183
[00:42:46][jomini_dynamicdescription.cpp:67]: Unrecognized loc key eafp_scripted_button_gando_ambition_gando_acquisition_desc. common/scripted_buttons/eafp_korean_reformation_buttons.txt:184
[00:42:46][jomini_dynamicdescription.cpp:67]: Unrecognized loc key formosa_survey_progress_bar. common/scripted_progress_bars/eafp_formosa_expedition_progress_bars.txt:2
[00:42:46][jomini_dynamicdescription.cpp:67]: Unrecognized loc key formosa_survey_progress_bar_desc. common/scripted_progress_bars/eafp_formosa_expedition_progress_bars.txt:3
[00:42:46][jomini_dynamicdescription.cpp:67]: Unrecognized loc key new_culture_movement_progress_bar. common/scripted_progress_bars/eafp_new_culture_movement_progress_bars.txt:2
[00:42:46][jomini_dynamicdescription.cpp:67]: Unrecognized loc key new_culture_movement_progress_bar_desc. common/scripted_progress_bars/eafp_new_culture_movement_progress_bars.txt:3
[00:42:46][lexer.cpp:285]: File 'common/journal_entries/eafp_mongolia_journal_entries.txt' should be in utf8-bom encoding (will try to use it anyways)
[00:42:46][gamedatabase.h:378]: Duplicated key je_ryukyu_rivalry will not be created from file: common/journal_entries/eafp_01_ryukyu_rivalry.txt:1
[00:42:46][journal_entry_type.cpp:63]: Failed to read key reference je_group_bakuhantaisei from database common/journal_entries/eafp_japan.txt:9
[00:42:46][journal_entry_type.cpp:63]: Failed to read key reference je_group_bakuhantaisei from database common/journal_entries/eafp_japan.txt:252
[00:42:46][journal_entry_type.cpp:63]: Failed to read key reference je_group_bakuhantaisei from database common/journal_entries/eafp_japan.txt:319
[00:42:46][journal_entry_type.cpp:63]: Failed to read key reference je_group_bakuhantaisei from database common/journal_entries/eafp_japan.txt:387
[00:42:46][journal_entry_type.cpp:63]: Failed to read key reference je_group_bakuhantaisei from database common/journal_entries/eafp_japan.txt:455
[00:42:46][journal_entry_type.cpp:63]: Failed to read key reference je_group_bakuhantaisei from database common/journal_entries/eafp_japan.txt:523
[00:42:46][journal_entry_type.cpp:63]: Failed to read key reference je_group_bakuhantaisei from database common/journal_entries/eafp_japan.txt:591
[00:42:46][journal_entry_type.cpp:63]: Failed to read key reference je_group_bakuhantaisei from database common/journal_entries/eafp_japan.txt:659
[00:42:46][gamedatabase.h:378]: Duplicated key je_zaibatsu will not be created from file: common/journal_entries/eafp_japan.txt:2168
[00:42:46][jomini_effect.cpp:542]: Unknown effect every_scope_state_in_dongbei at common/journal_entries/eafp_kor_manchuria_management.txt:114
[00:42:46][jomini_effect.cpp:753]: Inconsistent effect scopes (country vs. journal_entry) incommon/journal_entries/eafp_taiping_administration.txt:112
[00:42:46][pdx_persistent_reader.cpp:268]: Error: "Unknown trigger type: relations:c:KOR, near line: 85" in file: "common/journal_entries/eafp_taiwan_journal.txt" near line: 86
[00:42:46][gamedatabase.h:395]: You are trying to inject/replace to a non-existing entry: je_terakoya:Replace in the file common/journal_entries/eafp_00_meiji_restoration.txt:3
[00:42:46][pdx_persistent_reader.cpp:268]: Error: "Trigger section already read earlier: potential, near line: 16" in file: "common/character_interactions/eafp_character_interactions.txt" near line: 28
[00:42:47][gamedatabase.h:378]: Duplicated key company_sumitomo will not be created from file: common/company_types/eafp_companies_japan.txt:371
[00:42:48][pdx_online_telemetry.cpp:25]: [telemetry] quality:high
[00:42:48][pdx_online_telemetry.cpp:25]: [telemetry] shadowmap_resolution:4096x4096
[00:42:48][pdx_online_telemetry.cpp:25]: [telemetry] texture_quality:high
[00:42:48][pdx_online_telemetry.cpp:25]: [telemetry] anti_aliasing:MSAAx4
[00:42:48][pdx_online_telemetry.cpp:25]: [telemetry] scale:1
[00:42:49][pdx_json_settings.cpp:425]: [SPdxJsonSettingsIO] Category:"System" Setting:"common" won't be written 
[00:42:49][jomini_trigger.cpp:224]: PostValidate of trigger 'has_potential_resource' returned false at events/eafp_jap_events/eafp_japan.txt:6132
[00:42:49][jomini_trigger.cpp:224]: PostValidate of trigger 'has_potential_resource' returned false at events/eafp_jap_events/eafp_japan.txt:6152
[00:42:49][jomini_trigger.cpp:224]: PostValidate of trigger 'has_interest_marker_in_region' returned false at events/eafp_jap_events/eafp_japan.txt:7560
[00:42:49][jomini_trigger.cpp:224]: PostValidate of trigger 'has_interest_marker_in_region' returned false at events/eafp_jap_events/eafp_japan.txt:7568
[00:42:49][jomini_trigger.cpp:224]: PostValidate of trigger 'has_interest_marker_in_region' returned false at events/eafp_jap_events/eafp_japan.txt:7612
[00:42:49][jomini_trigger.cpp:224]: PostValidate of trigger 'has_interest_marker_in_region' returned false at events/eafp_jap_events/eafp_japan.txt:7633
[00:42:49][jomini_trigger.cpp:224]: PostValidate of trigger 'has_interest_marker_in_region' returned false at events/eafp_jap_events/eafp_japan.txt:7838
[00:42:49][jomini_trigger.cpp:224]: PostValidate of trigger 'has_interest_marker_in_region' returned false at events/eafp_jap_events/eafp_japan.txt:7859
[00:42:49][jomini_trigger.cpp:224]: PostValidate of trigger 'has_interest_marker_in_region' returned false at events/eafp_jap_events/eafp_japan.txt:7932
[00:42:49][jomini_trigger.cpp:224]: PostValidate of trigger 'has_interest_marker_in_region' returned false at events/eafp_jap_events/eafp_japan.txt:7953
[00:42:49][jomini_trigger.cpp:224]: PostValidate of trigger 'has_interest_marker_in_region' returned false at events/eafp_jap_events/eafp_liberty_civil_right_movement_events.txt:220
[00:42:49][jomini_trigger.cpp:224]: PostValidate of trigger 'has_interest_marker_in_region' returned false at events/eafp_jap_events/eafp_liberty_civil_right_movement_events.txt:237
[00:42:49][jomini_trigger.cpp:224]: PostValidate of trigger 'has_building' returned false at events/eafp_kor_events/eafp_kor_mainline.txt:2707
[00:42:49][jomini_trigger.cpp:224]: PostValidate of trigger 'has_building' returned false at events/eafp_kor_events/eafp_kor_mainline.txt:2716
[00:42:49][jomini_trigger.cpp:224]: PostValidate of trigger 'any_scope_state' returned false at common/scripted_triggers/eafp_mongolia_triggers.txt:52
[00:42:49][jomini_trigger.cpp:224]: PostValidate of trigger 'is_political_movement_type' returned false at common/on_actions/japan_code_on_actions.txt:1150
[00:42:49][jomini_trigger.cpp:224]: PostValidate of trigger 'has_potential_resource' returned false at common/scripted_buttons/eafp_japan_buttons.txt:230
[00:42:49][jomini_trigger.cpp:224]: PostValidate of trigger 'custom_tooltip' returned false at common/scripted_buttons/eafp_korean_reformation_buttons.txt:223
[00:42:49][jomini_trigger.cpp:224]: PostValidate of trigger 'custom_tooltip' returned false at common/scripted_buttons/eafp_korean_reformation_buttons.txt:231
[00:42:49][jomini_trigger.cpp:224]: PostValidate of trigger 'custom_tooltip' returned false at common/journal_entries/eafp_00_meiji_restoration.txt:102
[00:42:49][jomini_trigger.cpp:224]: PostValidate of trigger 'is_political_movement_type' returned false at common/journal_entries/eafp_japan.txt:1803
[00:42:49][jomini_trigger.cpp:224]: PostValidate of trigger 'is_political_movement_type' returned false at common/journal_entries/eafp_japan.txt:1846
[00:42:49][jomini_trigger.cpp:224]: PostValidate of trigger 'any_scope_state' returned false at common/journal_entries/eafp_mongolia_journal_entries.txt:70
[00:42:49][jomini_trigger.cpp:224]: PostValidate of trigger 'has_interest_marker_in_region' returned false at common/company_types/eafp_companies_japan.txt:28
[00:42:49][jomini_trigger.cpp:224]: PostValidate of trigger 'has_interest_marker_in_region' returned false at common/company_types/eafp_companies_japan.txt:327
[00:42:49][jomini_trigger.cpp:224]: PostValidate of trigger 'is_building_type' returned false at common/company_types/eafp_companies_japan.txt:251
[00:42:52][jomini_effect.cpp:141]: PostValidate of effect 'post_notification' returned false at events/eafp_chi_events/eafp_chi_military_headquarters_events.txt:15
[00:42:52][jomini_effect.cpp:141]: PostValidate of effect 'create_character' returned false at common/scripted_effects/eafp_japan_effects.txt:277
[00:42:52][jomini_effect.cpp:141]: PostValidate of effect 'create_character' returned false at common/scripted_effects/eafp_japan_effects.txt:310
[00:42:52][jomini_effect.cpp:141]: PostValidate of effect 'create_character' returned false at common/scripted_effects/eafp_japan_effects.txt:345
[00:42:52][jomini_effect.cpp:141]: PostValidate of effect 'create_character' returned false at common/scripted_effects/eafp_japan_effects.txt:379
[00:42:52][jomini_effect.cpp:141]: PostValidate of effect 'create_character' returned false at common/scripted_effects/eafp_japan_effects.txt:277
[00:42:52][jomini_effect.cpp:141]: PostValidate of effect 'create_character' returned false at common/scripted_effects/eafp_japan_effects.txt:310
[00:42:52][jomini_effect.cpp:141]: PostValidate of effect 'create_character' returned false at common/scripted_effects/eafp_japan_effects.txt:345
[00:42:52][jomini_effect.cpp:141]: PostValidate of effect 'create_character' returned false at common/scripted_effects/eafp_japan_effects.txt:379
[00:42:52][jomini_effect.cpp:141]: PostValidate of effect 'create_character' returned false at common/scripted_effects/eafp_japan_effects.txt:277
[00:42:52][jomini_effect.cpp:141]: PostValidate of effect 'create_character' returned false at common/scripted_effects/eafp_japan_effects.txt:310
[00:42:52][jomini_effect.cpp:141]: PostValidate of effect 'create_character' returned false at common/scripted_effects/eafp_japan_effects.txt:345
[00:42:52][jomini_effect.cpp:141]: PostValidate of effect 'create_character' returned false at common/scripted_effects/eafp_japan_effects.txt:379
[00:42:52][jomini_effect.cpp:141]: PostValidate of effect 'create_character' returned false at common/scripted_effects/eafp_japan_effects.txt:277
[00:42:52][jomini_effect.cpp:141]: PostValidate of effect 'create_character' returned false at common/scripted_effects/eafp_japan_effects.txt:310
[00:42:52][jomini_effect.cpp:141]: PostValidate of effect 'create_character' returned false at common/scripted_effects/eafp_japan_effects.txt:345
[00:42:52][jomini_effect.cpp:141]: PostValidate of effect 'create_character' returned false at common/scripted_effects/eafp_japan_effects.txt:379
[00:42:52][jomini_effect.cpp:141]: PostValidate of effect 'create_character' returned false at common/scripted_effects/eafp_japan_effects.txt:277
[00:42:52][jomini_effect.cpp:141]: PostValidate of effect 'create_character' returned false at common/scripted_effects/eafp_japan_effects.txt:310
[00:42:52][jomini_effect.cpp:141]: PostValidate of effect 'create_character' returned false at common/scripted_effects/eafp_japan_effects.txt:345
[00:42:52][jomini_effect.cpp:141]: PostValidate of effect 'create_character' returned false at common/scripted_effects/eafp_japan_effects.txt:379
[00:42:52][jomini_effect.cpp:141]: PostValidate of effect 'create_character' returned false at common/scripted_effects/eafp_japan_effects.txt:277
[00:42:52][jomini_effect.cpp:141]: PostValidate of effect 'create_character' returned false at common/scripted_effects/eafp_japan_effects.txt:310
[00:42:52][jomini_effect.cpp:141]: PostValidate of effect 'create_character' returned false at common/scripted_effects/eafp_japan_effects.txt:345
[00:42:52][jomini_effect.cpp:141]: PostValidate of effect 'create_character' returned false at common/scripted_effects/eafp_japan_effects.txt:379
[00:42:52][jomini_effect.cpp:141]: PostValidate of effect 'create_character' returned false at common/scripted_effects/eafp_japan_effects.txt:277
[00:42:52][jomini_effect.cpp:141]: PostValidate of effect 'create_character' returned false at common/scripted_effects/eafp_japan_effects.txt:310
[00:42:52][jomini_effect.cpp:141]: PostValidate of effect 'create_character' returned false at common/scripted_effects/eafp_japan_effects.txt:345
[00:42:52][jomini_effect.cpp:141]: PostValidate of effect 'create_character' returned false at common/scripted_effects/eafp_japan_effects.txt:379
[00:42:52][jomini_effect.cpp:141]: PostValidate of effect 'create_character' returned false at common/scripted_effects/eafp_japan_effects.txt:277
[00:42:52][jomini_effect.cpp:141]: PostValidate of effect 'create_character' returned false at common/scripted_effects/eafp_japan_effects.txt:310
[00:42:52][jomini_effect.cpp:141]: PostValidate of effect 'create_character' returned false at common/scripted_effects/eafp_japan_effects.txt:345
[00:42:52][jomini_effect.cpp:141]: PostValidate of effect 'create_character' returned false at common/scripted_effects/eafp_japan_effects.txt:379
[00:42:52][jomini_effect.cpp:141]: PostValidate of effect 'create_character' returned false at common/scripted_effects/eafp_japan_effects.txt:277
[00:42:52][jomini_effect.cpp:141]: PostValidate of effect 'create_character' returned false at common/scripted_effects/eafp_japan_effects.txt:310
[00:42:52][jomini_effect.cpp:141]: PostValidate of effect 'create_character' returned false at common/scripted_effects/eafp_japan_effects.txt:345
[00:42:52][jomini_effect.cpp:141]: PostValidate of effect 'create_character' returned false at common/scripted_effects/eafp_japan_effects.txt:379
[00:42:52][jomini_effect.cpp:141]: PostValidate of effect 'create_character' returned false at common/scripted_effects/eafp_japan_effects.txt:277
[00:42:52][jomini_effect.cpp:141]: PostValidate of effect 'create_character' returned false at common/scripted_effects/eafp_japan_effects.txt:310
[00:42:52][jomini_effect.cpp:141]: PostValidate of effect 'create_character' returned false at common/scripted_effects/eafp_japan_effects.txt:345
[00:42:52][jomini_effect.cpp:141]: PostValidate of effect 'create_character' returned false at common/scripted_effects/eafp_japan_effects.txt:379
[00:42:52][jomini_effect.cpp:141]: PostValidate of effect 'create_character' returned false at common/scripted_effects/eafp_japan_effects.txt:277
[00:42:52][jomini_effect.cpp:141]: PostValidate of effect 'create_character' returned false at common/scripted_effects/eafp_japan_effects.txt:310
[00:42:52][jomini_effect.cpp:141]: PostValidate of effect 'create_character' returned false at common/scripted_effects/eafp_japan_effects.txt:345
[00:42:52][jomini_effect.cpp:141]: PostValidate of effect 'create_character' returned false at common/scripted_effects/eafp_japan_effects.txt:379
[00:42:52][jomini_effect.cpp:141]: PostValidate of effect 'create_character' returned false at common/scripted_effects/eafp_japan_effects.txt:277
[00:42:52][jomini_effect.cpp:141]: PostValidate of effect 'create_character' returned false at common/scripted_effects/eafp_japan_effects.txt:310
[00:42:52][jomini_effect.cpp:141]: PostValidate of effect 'create_character' returned false at common/scripted_effects/eafp_japan_effects.txt:345
[00:42:52][jomini_effect.cpp:141]: PostValidate of effect 'create_character' returned false at common/scripted_effects/eafp_japan_effects.txt:379
[00:42:52][jomini_effect.cpp:141]: PostValidate of effect 'create_building' returned false at common/history/buildings/jap_building.txt:4
[00:42:52][jomini_effect.cpp:141]: PostValidate of effect 'create_building' returned false at common/history/buildings/kor_building.txt:75
[00:42:52][jomini_effect.cpp:141]: PostValidate of effect 'add_journal_entry' returned false at common/history/countries/jap - japan.txt:52
[00:42:52][jomini_effect.cpp:141]: PostValidate of effect 'create_military_formation' returned false at common/history/military_formations/06_military_formations_asia.txt:741
[00:42:52][jomini_effect.cpp:1139]: Flag 'hitotsubashiha' is used but is never set. Setting it in an unused scripted trigger or effect does not count
[00:42:52][jomini_effect.cpp:1139]: Flag 'moderate' is used but is never set. Setting it in an unused scripted trigger or effect does not count
[00:42:52][jomini_effect.cpp:1139]: Flag 'nankiha' is used but is never set. Setting it in an unused scripted trigger or effect does not count
[00:42:52][jomini_effect.cpp:1139]: Variable 'meiji_reforms_failed_var' is used but is never set. Setting it in an unused scripted trigger or effect does not count
[00:42:52][jomini_effect.cpp:1139]: Variable 'eafp_ryukyu_intervention_offered_var' is used but is never set. Setting it in an unused scripted trigger or effect does not count
[00:42:52][jomini_effect.cpp:1139]: Variable 'orleanist_leader' is used but is never set. Setting it in an unused scripted trigger or effect does not count
[00:42:52][jomini_effect.cpp:1139]: Variable 'eafp_claiming_chinese_central_government' is used but is never set. Setting it in an unused scripted trigger or effect does not count
[00:42:52][jomini_effect.cpp:1139]: Variable 'won_boxer_rebellion' is used but is never set. Setting it in an unused scripted trigger or effect does not count
[00:42:52][jomini_effect.cpp:1139]: Variable 'taiping_internal_conflict_resolved' is used but is never set. Setting it in an unused scripted trigger or effect does not count
[00:42:52][jomini_effect.cpp:1139]: Variable 'WCR_westernized_nation' is used but is never set. Setting it in an unused scripted trigger or effect does not count
[00:42:52][jomini_effect.cpp:1139]: Variable 'bonapartist_leader' is used but is never set. Setting it in an unused scripted trigger or effect does not count
[00:42:52][jomini_effect.cpp:1139]: Event target 'eafp_manchuria_migrant_target_state' is used but is never set. Setting it in an unused scripted trigger or effect does not count
[00:42:52][jomini_eventmanager.cpp:376]: Event boxer_rebellion_events.4 is orphaned
[00:42:52][jomini_eventmanager.cpp:376]: Event eafp_ryukyu.1 is orphaned
[00:42:52][jomini_eventmanager.cpp:376]: Event eafp_ryukyu.2 is orphaned
[00:42:52][jomini_eventmanager.cpp:376]: Event eafp_ryukyu.4 is orphaned
[00:42:52][jomini_eventmanager.cpp:376]: Event meiji.13 is orphaned
[00:42:52][jomini_eventmanager.cpp:376]: Event chi_flavor.9 is orphaned
[00:42:52][jomini_eventmanager.cpp:376]: Event hanbatsu_oligarchy_events.1 is orphaned
[00:42:52][jomini_eventmanager.cpp:376]: Event eafp_japan.1 is orphaned
[00:42:52][jomini_eventmanager.cpp:376]: Event eafp_japan.2007 is orphaned
[00:42:52][jomini_eventmanager.cpp:376]: Event eafp_japan.2309 is orphaned
[00:42:52][jomini_eventmanager.cpp:376]: Event eafp_japan.5004 is orphaned
[00:42:52][jomini_eventmanager.cpp:376]: Event tenpo_famine.1 is orphaned
[00:42:52][jomini_eventmanager.cpp:376]: Event zaibatsu_events.1 is orphaned
[00:42:52][jomini_eventmanager.cpp:376]: Event zaibatsu_events.2 is orphaned
[00:42:52][jomini_eventmanager.cpp:376]: Event zaibatsu_events.3 is orphaned
[00:42:52][jomini_eventmanager.cpp:376]: Event zaibatsu_events.4 is orphaned
[00:42:52][jomini_eventmanager.cpp:376]: Event eafp_mgl.400 is orphaned
[00:42:52][jomini_eventmanager.cpp:376]: Event ep2_meiji.1 is orphaned
[00:42:52][jomini_eventmanager.cpp:376]: Event ep2_meiji.8 is orphaned
[00:42:52][jomini_eventmanager.cpp:376]: Event ep2_meiji.9 is orphaned
[00:42:52][jomini_eventmanager.cpp:376]: Event tenpo_events.1 is orphaned
[00:43:01][pdx_transition_task.cpp:328]: Transition Empty->Game took: 66.93539 seconds
[00:43:01][pdx_legal_documents.cpp:110]: 0 legal docs to download.
[00:43:01][player.cpp:153]: CJominiPlayers:::DeleteAllPlayers - #0 players
[00:43:01][pdx_account.cpp:461]: Login succeeded
[00:43:01][pdx_social_profile.cpp:90]: Getting social profile
[00:43:01][portraitmanager.cpp:1056]: Initializing portrait color palettes.
[00:43:01][pdx_data_factory.cpp:1401]: Failed to find type '1' in '1.12'.
[00:43:01][pdx_data_factory.cpp:1408]: Could not find promote for '1' in '1.12'.
[00:43:01][pdx_data_factory.cpp:1092]: Failed converting statement for '1.12'
[00:43:01][pdx_data_localize.cpp:136]: Data error in loc string 'MISSING_DLC_ENTRY'
[00:43:01][pdx_data_factory.cpp:1401]: Failed to find type '1' in '1.12'.
[00:43:01][pdx_data_factory.cpp:1408]: Could not find promote for '1' in '1.12'.
[00:43:01][pdx_data_factory.cpp:1092]: Failed converting statement for '1.12'
[00:43:01][pdx_data_localize.cpp:136]: Data error in loc string 'MISSING_DLC_ENTRY'
[00:43:01][pdx_data_factory.cpp:1401]: Failed to find type '1' in '1.12'.
[00:43:01][pdx_data_factory.cpp:1408]: Could not find promote for '1' in '1.12'.
[00:43:01][pdx_data_factory.cpp:1092]: Failed converting statement for '1.12'
[00:43:01][pdx_data_localize.cpp:136]: Data error in loc string 'MISSING_DLC_ENTRY'
[00:43:01][pdx_data_factory.cpp:1401]: Failed to find type '1' in '1.12'.
[00:43:01][pdx_data_factory.cpp:1408]: Could not find promote for '1' in '1.12'.
[00:43:01][pdx_data_factory.cpp:1092]: Failed converting statement for '1.12'
[00:43:01][pdx_data_localize.cpp:136]: Data error in loc string 'MISSING_DLC_ENTRY'
[00:43:01][pdx_data_factory.cpp:1401]: Failed to find type '1' in '1.12'.
[00:43:01][pdx_data_factory.cpp:1408]: Could not find promote for '1' in '1.12'.
[00:43:01][pdx_data_factory.cpp:1092]: Failed converting statement for '1.12'
[00:43:01][pdx_data_localize.cpp:136]: Data error in loc string 'MISSING_DLC_ENTRY'
[00:43:01][pdx_data_factory.cpp:1401]: Failed to find type '1' in '1.12'.
[00:43:01][pdx_data_factory.cpp:1408]: Could not find promote for '1' in '1.12'.
[00:43:01][pdx_data_factory.cpp:1092]: Failed converting statement for '1.12'
[00:43:01][pdx_data_localize.cpp:136]: Data error in loc string 'MISSING_DLC_ENTRY'
[00:43:01][pdx_data_factory.cpp:1401]: Failed to find type '1' in '1.12'.
[00:43:01][pdx_data_factory.cpp:1408]: Could not find promote for '1' in '1.12'.
[00:43:01][pdx_data_factory.cpp:1092]: Failed converting statement for '1.12'
[00:43:01][pdx_data_localize.cpp:136]: Data error in loc string 'MISSING_DLC_ENTRY'
[00:43:01][pdx_data_factory.cpp:1401]: Failed to find type '1' in '1.12'.
[00:43:01][pdx_data_factory.cpp:1408]: Could not find promote for '1' in '1.12'.
[00:43:01][pdx_data_factory.cpp:1092]: Failed converting statement for '1.12'
[00:43:01][pdx_data_localize.cpp:136]: Data error in loc string 'MISSING_DLC_ENTRY'
[00:43:01][pdx_account.cpp:1076]: GetAccountInfo succeeded
[00:43:01][pdx_account.cpp:919]: Steam is offline, skipping third party account linking prompt
[00:43:01][pdx_social_profile.cpp:129]: Getting social profile succeeded
[00:43:01][pdx_data_factory.cpp:1401]: Failed to find type '1' in '1.12'.
[00:43:01][pdx_data_factory.cpp:1408]: Could not find promote for '1' in '1.12'.
[00:43:01][pdx_data_factory.cpp:1092]: Failed converting statement for '1.12'
[00:43:01][pdx_data_localize.cpp:136]: Data error in loc string 'MISSING_DLC_ENTRY'
[00:43:01][pdx_data_factory.cpp:1401]: Failed to find type '1' in '1.12'.
[00:43:01][pdx_data_factory.cpp:1408]: Could not find promote for '1' in '1.12'.
[00:43:01][pdx_data_factory.cpp:1092]: Failed converting statement for '1.12'
[00:43:01][pdx_data_localize.cpp:136]: Data error in loc string 'MISSING_DLC_ENTRY'
[00:43:01][pdx_data_factory.cpp:1401]: Failed to find type '1' in '1.12'.
[00:43:01][pdx_data_factory.cpp:1408]: Could not find promote for '1' in '1.12'.
[00:43:01][pdx_data_factory.cpp:1092]: Failed converting statement for '1.12'
[00:43:01][pdx_data_localize.cpp:136]: Data error in loc string 'MISSING_DLC_ENTRY'
