[18:20:09][pdx_localize.cpp:199]: Duplicate localization key. Key 'dyn_c_great_mongolian_state' is defined in both 'localization/english/countries_l_english.yml' and 'localization/english/eafp_mongolia_l_english.yml'.
[18:20:09][pdx_localize.cpp:199]: Duplicate localization key. Key 'dyn_c_great_mongolian_state_adj' is defined in both 'localization/english/countries_l_english.yml' and 'localization/english/eafp_mongolia_l_english.yml'.
[18:20:09][pdx_localize.cpp:199]: Duplicate localization key. Key 'dyn_c_mongolian_peoples_republic' is defined in both 'localization/english/countries_l_english.yml' and 'localization/english/eafp_mongolia_l_english.yml'.
[18:20:09][pdx_localize.cpp:199]: Duplicate localization key. Key 'dyn_c_mongolian_peoples_republic_adj' is defined in both 'localization/english/countries_l_english.yml' and 'localization/english/eafp_mongolia_l_english.yml'.
[18:20:09][pdxassetutil.cpp:1715]: Duplicate texture 'male_outfit_korean_imperial_02_masks.dds' found (current path 'gfx/models/portraits/attachments/male_outfits/korean/imperial_02/male_outfit_korean_imperial_02_masks.dds', previous path 'gfx/models/portraits/attachments/male_outfits/korean/daewongun/male_outfit_korean_imperial_02_masks.dds')
[18:20:09][pdxassetutil.cpp:1715]: Duplicate texture 'male_outfit_korean_imperial_02_normal.dds' found (current path 'gfx/models/portraits/attachments/male_outfits/korean/imperial_02/male_outfit_korean_imperial_02_normal.dds', previous path 'gfx/models/portraits/attachments/male_outfits/korean/daewongun/male_outfit_korean_imperial_02_normal.dds')
[18:20:11][pdx_gui_localize.cpp:182]: Unlocalized text '#v [State.GetName]#!' at gui/custom_tooltip.gui:8801, either localize it or use the raw_text property instead of text
[18:20:11][pdx_gui_localize.cpp:182]: Unlocalized text 'je_eastasian_expansionism_country_owns_entire_strategic_region_tt' at gui/eafp_eastasian_expansionism.gui:33, either localize it or use the raw_text property instead of text
[18:20:11][pdx_gui_localize.cpp:182]: Unlocalized text 'je_eastasian_expansionism_country_or_subject_owns_entire_strategic_region_tt' at gui/eafp_eastasian_expansionism.gui:81, either localize it or use the raw_text property instead of text
[18:20:12][pdx_gui_localize.cpp:182]: Unlocalized text '#color:{0.5,0.8,1.0} [Localize('character_role_kor_grand_empress_dowager_title')]#!' at gui/journal_entry_widgets/eafp_je_korean_regent_widgets.gui:147, either localize it or use the raw_text property instead of text
[18:20:12][pdx_gui_localize.cpp:182]: Unlocalized text '#color:{0.5,0.8,1.0} [Localize('head_of_sedo_family')]#!' at gui/journal_entry_widgets/eafp_je_sedo_politics_widgets.gui:281, either localize it or use the raw_text property instead of text
[18:20:39][pdxassetutil.cpp:983]: Failed to create material with shader  (in gfx/FX/pdxmesh.shader) for mesh [LOD_0_decal_01_decal_01Shape] in gfx/models/buildings/wonders/gyeongbokgung_01/wonder_gyeongbokgung_01.mesh
[18:20:39][pdxmeshtype.cpp:221]: gfx/models/buildings/wonders/gyeongbokgung_01/wonder_gyeongbokgung_01.mesh : has fewer LOD meshes than expected!
[18:20:40][virtualfilesystem.cpp:569]: Could not find texture due to 'VFSOpen Error: gfx/models/portraits/attachments/male_headgear/korean_lia/05/Image_1.png not found'
[18:20:47][pdxassetutil.cpp:983]: Failed to create material with shader PdxMeshStandard (in gfx/FX/pdxmesh.shader) for mesh [object2Shape] in gfx/models/buildings/wonders/wonder_edojo.mesh
[18:20:47][pdxassetutil.cpp:1806]: pdxmesh [wonder_edojo_mesh] is out of sync with its meshsettings. [objec2Shape] is not in use in file: gfx/models/buildings/wonders/wonder_edojo.mesh
[18:20:47][pdxmeshtype.cpp:221]: gfx/models/buildings/wonders/wonder_edojo.mesh : has fewer LOD meshes than expected!
[18:20:47][pdxassetutil.cpp:983]: Failed to create material with shader  (in gfx/FX/pdxmesh.shader) for mesh [LOD_0_decal_01_decal_01Shape] in gfx/models/buildings/wonders/gyeongbokgung_01/wonder_gyeongbokgung_01.mesh
[18:20:47][pdxmeshtype.cpp:221]: gfx/models/buildings/wonders/gyeongbokgung_01/wonder_gyeongbokgung_01.mesh : has fewer LOD meshes than expected!
[18:20:49][lexer.cpp:285]: File 'common/scripted_effects/eafp_joseon_qing_war_effects.txt' should be in utf8-bom encoding (will try to use it anyways)
[18:20:49][lexer.cpp:285]: File 'common/scripted_guis/eafp_joseon_qing_war_sgui.txt' should be in utf8-bom encoding (will try to use it anyways)
[18:20:49][jomini_custom_text.cpp:172]: Missing loc key 'custom_lobby_eafp_bukbull' for custom localization 'flavored_name_lobby_anti_overlord' (or variant), at 'common/customizable_localization/eafp_KOR_custom_loc.txt:280'
[18:20:49][lexer.cpp:285]: File 'common/static_modifiers/eafp_joseon_qing_war_modifiers.txt' should be in utf8-bom encoding (will try to use it anyways)
[18:20:49][lexer.cpp:285]: File 'common/static_modifiers/eafp_mongolia_modifiers.txt' should be in utf8-bom encoding (will try to use it anyways)
[18:20:49][pdx_persistent_reader.cpp:268]: Error: "Unknown modifier type: country_law_enactment_time_mult. It is either invalid, or a potential dynamic modifier type definition missing from the database.: country_law_enactment_time_mult, near line: 156" in file: "common/static_modifiers/EAFP_japan_modifiers.txt" near line: 156
[18:20:49][pdx_persistent_reader.cpp:268]: Error: "Unknown modifier type: country_convoys_capacity_mult. It is either invalid, or a potential dynamic modifier type definition missing from the database.: country_convoys_capacity_mult, near line: 395" in file: "common/static_modifiers/EAFP_japan_modifiers.txt" near line: 395
[18:20:49][pdx_persistent_reader.cpp:268]: Error: "Unknown modifier type: country_law_enactment_time_mult. It is either invalid, or a potential dynamic modifier type definition missing from the database.: country_law_enactment_time_mult, near line: 412" in file: "common/static_modifiers/EAFP_japan_modifiers.txt" near line: 412
[18:20:49][pdx_persistent_reader.cpp:268]: Error: "Unknown modifier type: country_law_enactment_time_mult. It is either invalid, or a potential dynamic modifier type definition missing from the database.: country_law_enactment_time_mult, near line: 26" in file: "common/static_modifiers/donghak_modifiers.txt" near line: 26
[18:20:49][pdx_persistent_reader.cpp:268]: Error: "Unknown modifier type: country_law_enactment_time_mult. It is either invalid, or a potential dynamic modifier type definition missing from the database.: country_law_enactment_time_mult, near line: 4" in file: "common/static_modifiers/eafp_korea_rework_modi.txt" near line: 4
[18:20:49][pdx_persistent_reader.cpp:268]: Error: "Unknown modifier type: country_radicals_from_political_movements_mult. It is either invalid, or a potential dynamic modifier type definition missing from the database.: country_radicals_from_political_movements_mult, near line: 135" in file: "common/static_modifiers/eafp_korea_rework_modi.txt" near line: 135
[18:20:49][pdx_persistent_reader.cpp:268]: Error: "Unknown modifier type: ig_approval_add. It is either invalid, or a potential dynamic modifier type definition missing from the database.: ig_approval_add, near line: 164" in file: "common/static_modifiers/eafp_korean_reformation_modifiers.txt" near line: 164
[18:20:49][pdx_persistent_reader.cpp:268]: Error: "Unknown modifier type: country_law_enactment_time_mult. It is either invalid, or a potential dynamic modifier type definition missing from the database.: country_law_enactment_time_mult, near line: 177" in file: "common/static_modifiers/eafp_korean_reformation_modifiers.txt" near line: 177
[18:20:49][pdx_persistent_reader.cpp:268]: Error: "Unknown modifier type: unit_army_morale_mult. It is either invalid, or a potential dynamic modifier type definition missing from the database.: unit_army_morale_mult, near line: 461" in file: "common/static_modifiers/eafp_korean_reformation_modifiers.txt" near line: 461
[18:20:49][pdx_persistent_reader.cpp:268]: Error: "Unknown modifier type: building_group_bg_light_industry_mortality_mult. It is either invalid, or a potential dynamic modifier type definition missing from the database.: building_group_bg_light_industry_mortality_mult, near line: 150" in file: "common/static_modifiers/eafp_mongolia_modifiers.txt" near line: 150
[18:20:49][pdx_persistent_reader.cpp:268]: Error: "Unknown modifier type: building_group_bg_light_industry_employee_mult. It is either invalid, or a potential dynamic modifier type definition missing from the database.: building_group_bg_light_industry_employee_mult, near line: 205" in file: "common/static_modifiers/eafp_mongolia_modifiers.txt" near line: 205
[18:20:50][pdx_assert.cpp:641]: Assertion failed: Exceeding maximum amount of Prestige Goods per Goods for porcelain (3)
[18:20:50][lexer.cpp:285]: File 'common/laws/eafp_governance_principles.txt' should be in utf8-bom encoding (will try to use it anyways)
[18:20:51][jomini_effect.cpp:753]: Inconsistent effect scopes (state vs. state_region) incommon/scripted_effects/eafp_china_effects.txt:341
[18:20:51][jomini_effect.cpp:753]: Inconsistent effect scopes (state vs. state_region) incommon/scripted_effects/eafp_china_effects.txt:385
[18:20:51][jomini_effect.cpp:753]: Inconsistent effect scopes (state vs. state_region) incommon/scripted_effects/eafp_china_effects.txt:418
[18:20:51][jomini_effect.cpp:753]: Inconsistent effect scopes (state vs. state_region) incommon/scripted_effects/eafp_china_effects.txt:473
[18:20:51][jomini_effect.cpp:753]: Inconsistent effect scopes (state vs. state_region) incommon/scripted_effects/eafp_china_effects.txt:500
[18:20:51][jomini_effect.cpp:753]: Inconsistent effect scopes (state vs. state_region) incommon/scripted_effects/eafp_china_effects.txt:547
[18:20:51][jomini_effect.cpp:753]: Inconsistent effect scopes (state vs. state_region) incommon/scripted_effects/eafp_china_effects.txt:574
[18:20:51][jomini_effect.cpp:753]: Inconsistent effect scopes (state vs. state_region) incommon/scripted_effects/eafp_china_effects.txt:601
[18:20:51][jomini_effect.cpp:753]: Inconsistent effect scopes (state vs. state_region) incommon/scripted_effects/eafp_china_effects.txt:626
[18:20:51][jomini_effect.cpp:753]: Inconsistent effect scopes (state vs. state_region) incommon/scripted_effects/eafp_china_effects.txt:653
[18:20:51][jomini_effect.cpp:753]: Inconsistent effect scopes (state vs. state_region) incommon/scripted_effects/eafp_china_effects.txt:680
[18:20:51][jomini_effect.cpp:753]: Inconsistent effect scopes (state vs. state_region) incommon/scripted_effects/eafp_china_effects.txt:726
[18:20:51][jomini_effect.cpp:753]: Inconsistent effect scopes (state vs. state_region) incommon/scripted_effects/eafp_china_effects.txt:760
[18:20:51][jomini_effect.cpp:753]: Inconsistent effect scopes (state vs. state_region) incommon/scripted_effects/eafp_china_effects.txt:791
[18:20:51][jomini_effect.cpp:753]: Inconsistent effect scopes (state vs. state_region) incommon/scripted_effects/eafp_china_effects.txt:810
[18:20:51][jomini_effect.cpp:753]: Inconsistent effect scopes (state vs. state_region) incommon/scripted_effects/eafp_china_effects.txt:837
[18:20:51][character_templates_utils.cpp:1814]: Missing localization key for character last name SoDeokBi, reverting to random name
[18:20:51][jomini_effect.cpp:753]: Inconsistent effect scopes (state vs. state_region) incommon/scripted_effects/eafp_china_effects.txt:864
[18:20:51][jomini_effect.cpp:753]: Inconsistent effect scopes (state vs. state_region) incommon/scripted_effects/eafp_china_effects.txt:891
[18:20:51][jomini_effect.cpp:753]: Inconsistent effect scopes (state vs. state_region) incommon/scripted_effects/eafp_china_effects.txt:924
[18:20:51][character_templates_utils.cpp:1814]: Missing localization key for character last name JeongDeokBi, reverting to random name
[18:20:51][jomini_effect.cpp:753]: Inconsistent effect scopes (state vs. state_region) incommon/scripted_effects/eafp_china_effects.txt:951
[18:20:51][character_templates_utils.cpp:1814]: Missing localization key for character last name UiSeonBi, reverting to random name
[18:20:51][jomini_effect.cpp:753]: Inconsistent effect scopes (state vs. state_region) incommon/scripted_effects/eafp_china_effects.txt:978
[18:20:51][character_templates_utils.cpp:1814]: Missing localization key for character last name MeongRyeolBi, reverting to random name
[18:20:51][character_templates_utils.cpp:1814]: Missing localization key for character last name HyoSunBi, reverting to random name
[18:20:51][jomini_effect.cpp:753]: Inconsistent effect scopes (state vs. state_region) incommon/scripted_effects/eafp_china_effects.txt:1005
[18:20:51][jomini_effect.cpp:753]: Inconsistent effect scopes (state vs. state_region) incommon/scripted_effects/eafp_china_effects.txt:1032
[18:20:51][jomini_effect.cpp:753]: Inconsistent effect scopes (state vs. state_region) incommon/scripted_effects/eafp_china_effects.txt:1051
[18:20:51][culture_type.cpp:192]: Missing localization key for name Hui2 in culture korean
[18:20:51][technology_type.cpp:114]: Technology is missing loc key! Technology: eafp_tech_palace
[18:20:51][building_type.cpp:1746]: Building type is missing loc key! Building Type: building_gyeongbokgung_poor
[18:20:51][building_type.cpp:1752]: Production Method Group is missing loc key! Production Method Group: pmg_base_building_gyeongbokgung_poor
[18:20:51][building_type.cpp:1758]: Production Method is missing loc key! Production Method: pm_default_building_gyeongbokgung_poor
[18:20:51][building_type.cpp:1758]: Production Method is missing loc key! Production Method: pm_default_building_gyeongbokgung_poor_other
[18:20:51][building_type.cpp:1752]: Production Method Group is missing loc key! Production Method Group: pmg_rebuild_building_gyeongbokgung_poor
[18:20:51][building_type.cpp:1758]: Production Method is missing loc key! Production Method: pm_rebuild_gyeongbokgung_0
[18:20:51][building_type.cpp:1758]: Production Method is missing loc key! Production Method: pm_rebuild_gyeongbokgung_1
[18:20:51][building_type.cpp:1758]: Production Method is missing loc key! Production Method: pm_rebuild_gyeongbokgung_2
[18:20:51][building_type.cpp:1758]: Production Method is missing loc key! Production Method: pm_rebuild_gyeongbokgung_3
[18:20:51][building_type.cpp:1758]: Production Method is missing loc key! Production Method: pm_rebuild_gyeongbokgung_4
[18:20:51][building_type.cpp:1746]: Building type is missing loc key! Building Type: building_gyeongbokgung
[18:20:51][building_type.cpp:1752]: Production Method Group is missing loc key! Production Method Group: pmg_base_building_gyeongbokgung
[18:20:51][building_type.cpp:1758]: Production Method is missing loc key! Production Method: pm_base_gyeongbokgung_monarchy
[18:20:51][building_type.cpp:1758]: Production Method is missing loc key! Production Method: pm_base_gyeongbokgung_republic
[18:20:51][building_type.cpp:1752]: Production Method Group is missing loc key! Production Method Group: pmg_admn_building_gyeongbokgung
[18:20:51][building_type.cpp:1758]: Production Method is missing loc key! Production Method: pm_admn_gyeongbokgung_off
[18:20:51][building_type.cpp:1758]: Production Method is missing loc key! Production Method: pm_admn_gyeongbokgung_bureau
[18:20:51][building_type.cpp:1758]: Production Method is missing loc key! Production Method: pm_admn_gyeongbokgung_decree
[18:20:51][building_type.cpp:1752]: Production Method Group is missing loc key! Production Method Group: pmg_elec_building_gyeongbokgung
[18:20:51][building_type.cpp:1758]: Production Method is missing loc key! Production Method: pm_elec_gyeongbokgung_off
[18:20:51][building_type.cpp:1758]: Production Method is missing loc key! Production Method: pm_elec_gyeongbokgung_generator
[18:20:51][building_type.cpp:1758]: Production Method is missing loc key! Production Method: pm_elec_gyeongbokgung_telephone
[18:20:51][building_type.cpp:1752]: Production Method Group is missing loc key! Production Method Group: pmg_tour_building_gyeongbokgung
[18:20:51][building_type.cpp:1758]: Production Method is missing loc key! Production Method: pm_tour_gyeongbokgung_off
[18:20:51][building_type.cpp:1758]: Production Method is missing loc key! Production Method: pm_tour_gyeongbokgung_civil_close
[18:20:51][building_type.cpp:1758]: Production Method is missing loc key! Production Method: pm_tour_gyeongbokgung_civil_open
[18:20:51][building_type.cpp:1758]: Production Method is missing loc key! Production Method: pm_tour_gyeongbokgung_civil_free
[18:20:52][virtualfilesystem.cpp:569]: Could not find texture due to 'VFSOpen Error: gfx/interface/icons/religion_icons/nihilist.dds not found'
[18:20:52][jomini_dynamicdescription.cpp:29]: There should be only one special desc. common/parties/eafp_parties.txt:2
[18:20:52][jomini_dynamicdescription.cpp:29]: There should be only one special desc. common/parties/eafp_parties.txt:15
[18:20:52][jomini_dynamicdescription.cpp:29]: There should be only one special desc. common/parties/eafp_parties.txt:28
[18:20:52][jomini_dynamicdescription.cpp:29]: There should be only one special desc. common/parties/eafp_parties.txt:47
[18:20:52][jomini_dynamicdescription.cpp:29]: There should be only one special desc. common/parties/eafp_parties.txt:61
[18:20:52][jomini_dynamicdescription.cpp:29]: There should be only one special desc. common/parties/eafp_parties.txt:74
[18:20:52][jomini_dynamicdescription.cpp:29]: There should be only one special desc. common/parties/eafp_parties.txt:87
[18:20:52][jomini_dynamicdescription.cpp:29]: There should be only one special desc. common/parties/eafp_parties.txt:101
[18:20:52][jomini_dynamicdescription.cpp:29]: There should be only one special desc. common/parties/eafp_parties.txt:115
[18:20:52][jomini_dynamicdescription.cpp:29]: There should be only one special desc. common/parties/eafp_parties.txt:128
[18:20:52][jomini_dynamicdescription.cpp:29]: There should be only one special desc. common/parties/eafp_parties.txt:141
[18:20:52][jomini_effect.cpp:542]: Unknown effect fix_variable_error at events/eafp_debug.txt:75
[18:20:52][jomini_effect.cpp:542]: Unknown effect fix_variable_error at events/eafp_debug.txt:76
[18:20:52][jomini_effect.cpp:542]: Unknown effect fix_variable_error at events/eafp_debug.txt:77
[18:20:52][jomini_effect.cpp:542]: Unknown effect fix_variable_error at events/eafp_debug.txt:79
[18:20:52][jomini_effect.cpp:542]: Unknown effect fix_variable_error at events/eafp_debug.txt:80
[18:20:52][jomini_effect.cpp:542]: Unknown effect fix_variable_error at events/eafp_debug.txt:81
[18:20:52][jomini_effect.cpp:542]: Unknown effect fix_variable_error at events/eafp_debug.txt:82
[18:20:52][jomini_effect.cpp:542]: Unknown effect fix_variable_error at events/eafp_debug.txt:83
[18:20:52][jomini_effect.cpp:542]: Unknown effect fix_variable_error at events/eafp_debug.txt:85
[18:20:52][jomini_effect.cpp:542]: Unknown effect fix_variable_error at events/eafp_debug.txt:87
[18:20:52][jomini_effect.cpp:542]: Unknown effect fix_variable_error at events/eafp_debug.txt:90
[18:20:52][jomini_effect.cpp:542]: Unknown effect fix_variable_error at events/eafp_debug.txt:92
[18:20:52][jomini_effect.cpp:542]: Unknown effect fix_variable_error at events/eafp_debug.txt:93
[18:20:52][jomini_effect.cpp:542]: Unknown effect fix_variable_error at events/eafp_debug.txt:95
[18:20:52][jomini_dynamicdescription.cpp:67]: Unrecognized loc key Debug Event 3. events/eafp_debug.txt:105
[18:20:52][jomini_dynamicdescription.cpp:67]: Unrecognized loc key This is a debug event for testing purposes.. events/eafp_debug.txt:106
[18:20:52][jomini_dynamicdescription.cpp:67]: Unrecognized loc key Option 1. CEventOptionDesc:139
[18:20:52][jomini_dynamicdescription.cpp:67]: Unrecognized loc key hanbatsu_oligarchy_events.1.t. events/eafp_jap_events/eafp_hanbatsu_oligarchy_events.txt:7
[18:20:52][jomini_dynamicdescription.cpp:67]: Unrecognized loc key hanbatsu_oligarchy_events.1.d. events/eafp_jap_events/eafp_hanbatsu_oligarchy_events.txt:8
[18:20:52][jomini_dynamicdescription.cpp:67]: Unrecognized loc key hanbatsu_oligarchy_events.1.f. events/eafp_jap_events/eafp_hanbatsu_oligarchy_events.txt:9
[18:20:52][jomini_dynamicdescription.cpp:67]: Unrecognized loc key hanbatsu_oligarchy_events.1.a. CEventOptionDesc:139
[18:20:52][lexer.cpp:285]: File 'events/eafp_jap_events/eafp_hokkaido.txt' should be in utf8-bom encoding (will try to use it anyways)
[18:20:52][character_templates_utils.cpp:1795]: Missing localization key for character first name Yeob, reverting to random name
[18:20:52][character_templates_utils.cpp:1795]: Missing localization key for character first name Hui3, reverting to random name
[18:20:52][character_templates_utils.cpp:1795]: Missing localization key for character first name Go, reverting to random name
[18:20:52][character_templates_utils.cpp:1795]: Missing localization key for character first name Seon2, reverting to random name
[18:20:52][character_templates_utils.cpp:1795]: Missing localization key for character first name Gang2, reverting to random name
[18:20:52][character_templates_utils.cpp:1795]: Missing localization key for character first name Eun2, reverting to random name
[18:20:52][character_templates_utils.cpp:1795]: Missing localization key for character first name Yuk2, reverting to random name
[18:20:52][character_templates_utils.cpp:1795]: Missing localization key for character first name U2, reverting to random name
[18:20:52][character_templates_utils.cpp:1795]: Missing localization key for character first name Geun, reverting to random name
[18:20:52][character_templates_utils.cpp:1795]: Missing localization key for character first name Gon, reverting to random name
[18:20:52][character_templates_utils.cpp:1795]: Missing localization key for character first name Hyeon2, reverting to random name
[18:20:52][character_templates_utils.cpp:1795]: Missing localization key for character first name Seok2, reverting to random name
[18:20:52][jomini_dynamicdescription.cpp:67]: Unrecognized loc key eafp_kor_mainline.26.ob. CEventOptionDesc:139
[18:20:52][jomini_dynamicdescription.cpp:67]: Unrecognized loc key eafp_kor_mainline.28.ob. CEventOptionDesc:139
[18:20:52][jomini_dynamicdescription.cpp:58]: Unrecognized loc key eafp_kor_mainline.40.md1. Near events/eafp_kor_events/eafp_kor_mainline.txt:1714
[18:20:52][jomini_dynamicdescription.cpp:58]: Unrecognized loc key eafp_kor_mainline.40.md2. Near events/eafp_kor_events/eafp_kor_mainline.txt:1714
[18:20:52][jomini_dynamicdescription.cpp:58]: Unrecognized loc key eafp_kor_mainline.40.md3. Near events/eafp_kor_events/eafp_kor_mainline.txt:1714
[18:20:52][jomini_dynamicdescription.cpp:67]: Unrecognized loc key eafp_kor_mainline.43.ob. CEventOptionDesc:139
[18:20:52][jomini_dynamicdescription.cpp:67]: Unrecognized loc key eafp_kor_mainline.81.mt. events/eafp_kor_events/eafp_kor_mainline.txt:1976
[18:20:52][jomini_dynamicdescription.cpp:67]: Unrecognized loc key eafp_kor_mainline.81.md. events/eafp_kor_events/eafp_kor_mainline.txt:1977
[18:20:52][jomini_dynamicdescription.cpp:67]: Unrecognized loc key eafp_kor_mainline.81.mf. events/eafp_kor_events/eafp_kor_mainline.txt:1978
[18:20:52][jomini_dynamicdescription.cpp:67]: Unrecognized loc key eafp_kor_mainline.81.oa. CEventOptionDesc:139
[18:20:52][jomini_dynamicdescription.cpp:67]: Unrecognized loc key eafp_kor_mainline.82.mt. events/eafp_kor_events/eafp_kor_mainline.txt:2012
[18:20:52][jomini_dynamicdescription.cpp:67]: Unrecognized loc key eafp_kor_mainline.82.md. events/eafp_kor_events/eafp_kor_mainline.txt:2013
[18:20:52][jomini_dynamicdescription.cpp:67]: Unrecognized loc key eafp_kor_mainline.82.mf. events/eafp_kor_events/eafp_kor_mainline.txt:2014
[18:20:52][jomini_dynamicdescription.cpp:67]: Unrecognized loc key eafp_kor_mainline.82.oa. CEventOptionDesc:139
[18:20:52][jomini_dynamicdescription.cpp:67]: Unrecognized loc key eafp_kor_mainline.83.mt. events/eafp_kor_events/eafp_kor_mainline.txt:2048
[18:20:52][jomini_dynamicdescription.cpp:67]: Unrecognized loc key eafp_kor_mainline.83.md. events/eafp_kor_events/eafp_kor_mainline.txt:2049
[18:20:52][jomini_dynamicdescription.cpp:67]: Unrecognized loc key eafp_kor_mainline.83.mf. events/eafp_kor_events/eafp_kor_mainline.txt:2050
[18:20:52][jomini_dynamicdescription.cpp:67]: Unrecognized loc key eafp_kor_mainline.83.oa. CEventOptionDesc:139
[18:20:52][jomini_dynamicdescription.cpp:67]: Unrecognized loc key eafp_kor_mainline.84.mt. events/eafp_kor_events/eafp_kor_mainline.txt:2084
[18:20:52][jomini_dynamicdescription.cpp:67]: Unrecognized loc key eafp_kor_mainline.84.md. events/eafp_kor_events/eafp_kor_mainline.txt:2085
[18:20:52][jomini_dynamicdescription.cpp:67]: Unrecognized loc key eafp_kor_mainline.84.mf. events/eafp_kor_events/eafp_kor_mainline.txt:2086
[18:20:52][jomini_dynamicdescription.cpp:67]: Unrecognized loc key eafp_kor_mainline.84.oa. CEventOptionDesc:139
[18:20:52][jomini_dynamicdescription.cpp:67]: Unrecognized loc key eafp_kor_mainline.85.mt. events/eafp_kor_events/eafp_kor_mainline.txt:2120
[18:20:52][jomini_dynamicdescription.cpp:67]: Unrecognized loc key eafp_kor_mainline.85.md. events/eafp_kor_events/eafp_kor_mainline.txt:2121
[18:20:52][jomini_dynamicdescription.cpp:67]: Unrecognized loc key eafp_kor_mainline.85.mf. events/eafp_kor_events/eafp_kor_mainline.txt:2122
[18:20:52][jomini_dynamicdescription.cpp:67]: Unrecognized loc key eafp_kor_mainline.85.oa. CEventOptionDesc:139
[18:20:52][jomini_dynamicdescription.cpp:67]: Unrecognized loc key eafp_kor_mainline.86.mt. events/eafp_kor_events/eafp_kor_mainline.txt:2156
[18:20:52][jomini_dynamicdescription.cpp:67]: Unrecognized loc key eafp_kor_mainline.86.md. events/eafp_kor_events/eafp_kor_mainline.txt:2157
[18:20:52][jomini_dynamicdescription.cpp:67]: Unrecognized loc key eafp_kor_mainline.86.mf. events/eafp_kor_events/eafp_kor_mainline.txt:2158
[18:20:52][jomini_dynamicdescription.cpp:67]: Unrecognized loc key eafp_kor_mainline.86.oa. CEventOptionDesc:139
[18:20:52][jomini_dynamicdescription.cpp:67]: Unrecognized loc key eafp_kor_mainline.87.mt. events/eafp_kor_events/eafp_kor_mainline.txt:2192
[18:20:52][jomini_dynamicdescription.cpp:67]: Unrecognized loc key eafp_kor_mainline.87.md. events/eafp_kor_events/eafp_kor_mainline.txt:2193
[18:20:52][jomini_dynamicdescription.cpp:67]: Unrecognized loc key eafp_kor_mainline.87.mf. events/eafp_kor_events/eafp_kor_mainline.txt:2194
[18:20:52][jomini_dynamicdescription.cpp:67]: Unrecognized loc key eafp_kor_mainline.87.oa. CEventOptionDesc:139
[18:20:52][jomini_dynamicdescription.cpp:67]: Unrecognized loc key eafp_kor_mainline.88.mt. events/eafp_kor_events/eafp_kor_mainline.txt:2228
[18:20:52][jomini_dynamicdescription.cpp:67]: Unrecognized loc key eafp_kor_mainline.88.md. events/eafp_kor_events/eafp_kor_mainline.txt:2229
[18:20:52][jomini_dynamicdescription.cpp:67]: Unrecognized loc key eafp_kor_mainline.88.mf. events/eafp_kor_events/eafp_kor_mainline.txt:2230
[18:20:52][jomini_dynamicdescription.cpp:67]: Unrecognized loc key eafp_kor_mainline.88.oa. CEventOptionDesc:139
[18:20:52][jomini_dynamicdescription.cpp:67]: Unrecognized loc key eafp_kor_mainline.89.mt. events/eafp_kor_events/eafp_kor_mainline.txt:2264
[18:20:52][jomini_dynamicdescription.cpp:67]: Unrecognized loc key eafp_kor_mainline.89.md. events/eafp_kor_events/eafp_kor_mainline.txt:2265
[18:20:52][jomini_dynamicdescription.cpp:67]: Unrecognized loc key eafp_kor_mainline.89.mf. events/eafp_kor_events/eafp_kor_mainline.txt:2266
[18:20:52][jomini_dynamicdescription.cpp:67]: Unrecognized loc key eafp_kor_mainline.89.oa. CEventOptionDesc:139
[18:20:52][jomini_dynamicdescription.cpp:67]: Unrecognized loc key eafp_kor_mainline.90.mt. events/eafp_kor_events/eafp_kor_mainline.txt:2300
[18:20:52][jomini_dynamicdescription.cpp:67]: Unrecognized loc key eafp_kor_mainline.90.md. events/eafp_kor_events/eafp_kor_mainline.txt:2301
[18:20:52][jomini_dynamicdescription.cpp:67]: Unrecognized loc key eafp_kor_mainline.90.mf. events/eafp_kor_events/eafp_kor_mainline.txt:2302
[18:20:52][jomini_dynamicdescription.cpp:67]: Unrecognized loc key eafp_kor_mainline.90.oa. CEventOptionDesc:139
[18:20:52][jomini_dynamicdescription.cpp:67]: Unrecognized loc key eafp_kor_mainline.91.mt. events/eafp_kor_events/eafp_kor_mainline.txt:2336
[18:20:52][jomini_dynamicdescription.cpp:67]: Unrecognized loc key eafp_kor_mainline.91.md. events/eafp_kor_events/eafp_kor_mainline.txt:2337
[18:20:52][jomini_dynamicdescription.cpp:67]: Unrecognized loc key eafp_kor_mainline.91.mf. events/eafp_kor_events/eafp_kor_mainline.txt:2338
[18:20:52][jomini_dynamicdescription.cpp:67]: Unrecognized loc key eafp_kor_mainline.91.oa. CEventOptionDesc:139
[18:20:52][jomini_dynamicdescription.cpp:67]: Unrecognized loc key eafp_kor_mainline.92.mt. events/eafp_kor_events/eafp_kor_mainline.txt:2372
[18:20:52][jomini_dynamicdescription.cpp:67]: Unrecognized loc key eafp_kor_mainline.92.md. events/eafp_kor_events/eafp_kor_mainline.txt:2373
[18:20:52][jomini_dynamicdescription.cpp:67]: Unrecognized loc key eafp_kor_mainline.92.mf. events/eafp_kor_events/eafp_kor_mainline.txt:2374
[18:20:52][jomini_dynamicdescription.cpp:67]: Unrecognized loc key eafp_kor_mainline.92.oa. CEventOptionDesc:139
[18:20:52][jomini_dynamicdescription.cpp:67]: Unrecognized loc key eafp_kor_mainline.93.mt. events/eafp_kor_events/eafp_kor_mainline.txt:2408
[18:20:52][jomini_dynamicdescription.cpp:67]: Unrecognized loc key eafp_kor_mainline.93.md. events/eafp_kor_events/eafp_kor_mainline.txt:2409
[18:20:52][jomini_dynamicdescription.cpp:67]: Unrecognized loc key eafp_kor_mainline.93.mf. events/eafp_kor_events/eafp_kor_mainline.txt:2410
[18:20:52][jomini_dynamicdescription.cpp:67]: Unrecognized loc key eafp_kor_mainline.93.oa. CEventOptionDesc:139
[18:20:52][jomini_dynamicdescription.cpp:67]: Unrecognized loc key eafp_kor_mainline.94.mt. events/eafp_kor_events/eafp_kor_mainline.txt:2444
[18:20:52][jomini_dynamicdescription.cpp:67]: Unrecognized loc key eafp_kor_mainline.94.md. events/eafp_kor_events/eafp_kor_mainline.txt:2445
[18:20:52][jomini_dynamicdescription.cpp:67]: Unrecognized loc key eafp_kor_mainline.94.mf. events/eafp_kor_events/eafp_kor_mainline.txt:2446
[18:20:52][jomini_dynamicdescription.cpp:67]: Unrecognized loc key eafp_kor_mainline.94.oa. CEventOptionDesc:139
[18:20:52][jomini_dynamicdescription.cpp:67]: Unrecognized loc key eafp_kor_mainline.95.mt. events/eafp_kor_events/eafp_kor_mainline.txt:2480
[18:20:52][jomini_dynamicdescription.cpp:67]: Unrecognized loc key eafp_kor_mainline.95.md. events/eafp_kor_events/eafp_kor_mainline.txt:2481
[18:20:52][jomini_dynamicdescription.cpp:67]: Unrecognized loc key eafp_kor_mainline.95.mf. events/eafp_kor_events/eafp_kor_mainline.txt:2482
[18:20:52][jomini_dynamicdescription.cpp:67]: Unrecognized loc key eafp_kor_mainline.95.oa. CEventOptionDesc:139
[18:20:52][jomini_dynamicdescription.cpp:67]: Unrecognized loc key eafp_kor_mainline.96.mt. events/eafp_kor_events/eafp_kor_mainline.txt:2516
[18:20:52][jomini_dynamicdescription.cpp:67]: Unrecognized loc key eafp_kor_mainline.96.md. events/eafp_kor_events/eafp_kor_mainline.txt:2517
[18:20:52][jomini_dynamicdescription.cpp:67]: Unrecognized loc key eafp_kor_mainline.96.mf. events/eafp_kor_events/eafp_kor_mainline.txt:2518
[18:20:52][jomini_dynamicdescription.cpp:67]: Unrecognized loc key eafp_kor_mainline.96.oa. CEventOptionDesc:139
[18:20:52][jomini_dynamicdescription.cpp:67]: Unrecognized loc key eafp_kor_mainline.97.mt. events/eafp_kor_events/eafp_kor_mainline.txt:2552
[18:20:52][jomini_dynamicdescription.cpp:67]: Unrecognized loc key eafp_kor_mainline.97.md. events/eafp_kor_events/eafp_kor_mainline.txt:2553
[18:20:52][jomini_dynamicdescription.cpp:67]: Unrecognized loc key eafp_kor_mainline.97.mf. events/eafp_kor_events/eafp_kor_mainline.txt:2554
[18:20:52][jomini_dynamicdescription.cpp:67]: Unrecognized loc key eafp_kor_mainline.97.oa. CEventOptionDesc:139
[18:20:52][jomini_dynamicdescription.cpp:67]: Unrecognized loc key eafp_kor_mainline.98.mt. events/eafp_kor_events/eafp_kor_mainline.txt:2588
[18:20:52][jomini_dynamicdescription.cpp:67]: Unrecognized loc key eafp_kor_mainline.98.md. events/eafp_kor_events/eafp_kor_mainline.txt:2589
[18:20:52][jomini_dynamicdescription.cpp:67]: Unrecognized loc key eafp_kor_mainline.98.mf. events/eafp_kor_events/eafp_kor_mainline.txt:2590
[18:20:52][jomini_dynamicdescription.cpp:67]: Unrecognized loc key eafp_kor_mainline.98.oa. CEventOptionDesc:139
[18:20:52][jomini_dynamicdescription.cpp:67]: Unrecognized loc key eafp_kor_mainline.99.mt. events/eafp_kor_events/eafp_kor_mainline.txt:2624
[18:20:52][jomini_dynamicdescription.cpp:67]: Unrecognized loc key eafp_kor_mainline.99.md. events/eafp_kor_events/eafp_kor_mainline.txt:2625
[18:20:52][jomini_dynamicdescription.cpp:67]: Unrecognized loc key eafp_kor_mainline.99.mf. events/eafp_kor_events/eafp_kor_mainline.txt:2626
[18:20:52][jomini_dynamicdescription.cpp:67]: Unrecognized loc key eafp_kor_mainline.99.oa. CEventOptionDesc:139
[18:20:52][jomini_dynamicdescription.cpp:58]: Unrecognized loc key kor_king_biography_0. Near events/eafp_kor_events/eafp_kor_mainline.txt:2732
[18:20:52][jomini_dynamicdescription.cpp:58]: Unrecognized loc key kor_king_biography_1. Near events/eafp_kor_events/eafp_kor_mainline.txt:2732
[18:20:52][jomini_dynamicdescription.cpp:58]: Unrecognized loc key kor_king_biography_2. Near events/eafp_kor_events/eafp_kor_mainline.txt:2732
[18:20:52][jomini_dynamicdescription.cpp:58]: Unrecognized loc key kor_king_biography_3. Near events/eafp_kor_events/eafp_kor_mainline.txt:2732
[18:20:52][jomini_dynamicdescription.cpp:58]: Unrecognized loc key kor_king_biography_4. Near events/eafp_kor_events/eafp_kor_mainline.txt:2732
[18:20:52][jomini_dynamicdescription.cpp:58]: Unrecognized loc key kor_king_biography_5. Near events/eafp_kor_events/eafp_kor_mainline.txt:2732
[18:20:52][jomini_dynamicdescription.cpp:67]: Unrecognized loc key eafp_kor_mainline.1500.t. events/eafp_kor_events/eafp_kor_mainline.txt:9257
[18:20:52][jomini_dynamicdescription.cpp:67]: Unrecognized loc key eafp_kor_mainline.1500.d. events/eafp_kor_events/eafp_kor_mainline.txt:9258
[18:20:52][jomini_dynamicdescription.cpp:67]: Unrecognized loc key eafp_kor_mainline.1500.f. events/eafp_kor_events/eafp_kor_mainline.txt:9259
[18:20:52][jomini_dynamicdescription.cpp:67]: Unrecognized loc key eafp_kor_mainline.1500.a. CEventOptionDesc:139
[18:20:52][jomini_dynamicdescription.cpp:67]: Unrecognized loc key eafp_kor_mainline.1501.t. events/eafp_kor_events/eafp_kor_mainline.txt:9283
[18:20:52][jomini_dynamicdescription.cpp:67]: Unrecognized loc key eafp_kor_mainline.1501.d. events/eafp_kor_events/eafp_kor_mainline.txt:9284
[18:20:52][jomini_dynamicdescription.cpp:67]: Unrecognized loc key eafp_kor_mainline.1501.f. events/eafp_kor_events/eafp_kor_mainline.txt:9285
[18:20:52][jomini_dynamicdescription.cpp:67]: Unrecognized loc key eafp_kor_mainline.1501.a. CEventOptionDesc:139
[18:20:52][jomini_dynamicdescription.cpp:67]: Unrecognized loc key eafp_kor_mainline.1502.t. events/eafp_kor_events/eafp_kor_mainline.txt:9320
[18:20:52][jomini_dynamicdescription.cpp:67]: Unrecognized loc key eafp_kor_mainline.1502.d. events/eafp_kor_events/eafp_kor_mainline.txt:9321
[18:20:52][jomini_dynamicdescription.cpp:67]: Unrecognized loc key eafp_kor_mainline.1502.f. events/eafp_kor_events/eafp_kor_mainline.txt:9322
[18:20:52][jomini_dynamicdescription.cpp:67]: Unrecognized loc key eafp_kor_mainline.1502.a. CEventOptionDesc:139
[18:20:52][jomini_dynamicdescription.cpp:67]: Unrecognized loc key eafp_kor_mainline.1502.b. CEventOptionDesc:139
[18:20:52][jomini_dynamicdescription.cpp:67]: Unrecognized loc key eafp_kor_mainline.1503.t. events/eafp_kor_events/eafp_kor_mainline.txt:9371
[18:20:52][jomini_dynamicdescription.cpp:67]: Unrecognized loc key eafp_kor_mainline.1503.d. events/eafp_kor_events/eafp_kor_mainline.txt:9372
[18:20:52][jomini_dynamicdescription.cpp:67]: Unrecognized loc key eafp_kor_mainline.1503.f. events/eafp_kor_events/eafp_kor_mainline.txt:9373
[18:20:52][jomini_dynamicdescription.cpp:67]: Unrecognized loc key eafp_kor_mainline.1503.a. CEventOptionDesc:139
[18:20:52][jomini_dynamicdescription.cpp:67]: Unrecognized loc key eafp_kor_mainline.1503.b. CEventOptionDesc:139
[18:20:52][jomini_dynamicdescription.cpp:67]: Unrecognized loc key eafp_kor_mainline.1510.t. events/eafp_kor_events/eafp_kor_mainline.txt:9411
[18:20:52][jomini_dynamicdescription.cpp:67]: Unrecognized loc key eafp_kor_mainline.1510.d. events/eafp_kor_events/eafp_kor_mainline.txt:9412
[18:20:52][jomini_dynamicdescription.cpp:67]: Unrecognized loc key eafp_kor_mainline.1510.f. events/eafp_kor_events/eafp_kor_mainline.txt:9413
[18:20:52][jomini_dynamicdescription.cpp:67]: Unrecognized loc key eafp_kor_mainline.1510.a. CEventOptionDesc:139
[18:20:52][jomini_effect.cpp:542]: Unknown effect every_scope_state_in_dongbei at events/eafp_kor_events/eafp_kor_manchuria_events.txt:76
[18:20:52][lexer.cpp:285]: File 'events/eafp_mgl_events/eafp_mongolia_politics.txt' should be in utf8-bom encoding (will try to use it anyways)
[18:20:52][pdx_persistent_reader.cpp:268]: Error: "Unknown trigger type: relations:c:MGL, near line: 407" in file: "events/eafp_mgl_events/eafp_mongolia_politics.txt" near line: 407
[18:20:52][jomini_eventtarget.cpp:694]: Failed to find a valid event target link 'infamy_value:infamous' at events/eafp_mgl_events/eafp_mongolia_politics.txt:413
[18:20:52][jomini_eventtarget.cpp:694]: Failed to find a valid event target link 'infamy_value:infamous' at events/eafp_mgl_events/eafp_mongolia_politics.txt:466
[18:20:52][character_templates_utils.cpp:1814]: Missing localization key for character last name MyeongGyeongBi, reverting to random name
[18:20:52][character_templates_utils.cpp:1814]: Missing localization key for character last name HyoYuBi, reverting to random name
[18:20:52][character_templates_utils.cpp:1814]: Missing localization key for character last name MyeongHeonBi, reverting to random name
[18:20:52][character_templates_utils.cpp:1814]: Missing localization key for character last name HyoJaBi, reverting to random name
[18:20:52][character_templates_utils.cpp:1795]: Missing localization key for character first name Hui2, reverting to random name
[18:20:52][character_templates_utils.cpp:1795]: Missing localization key for character first name Yeob, reverting to random name
[18:20:52][character_templates_utils.cpp:1795]: Missing localization key for character first name On2, reverting to random name
[18:20:52][character_templates_utils.cpp:1795]: Missing localization key for character first name Hui3, reverting to random name
[18:20:52][character_templates_utils.cpp:1795]: Missing localization key for character first name Go, reverting to random name
[18:20:52][character_templates_utils.cpp:1795]: Missing localization key for character first name Seon2, reverting to random name
[18:20:52][character_templates_utils.cpp:1795]: Missing localization key for character first name Gang2, reverting to random name
[18:20:52][character_templates_utils.cpp:1795]: Missing localization key for character first name Eun2, reverting to random name
[18:20:52][character_templates_utils.cpp:1795]: Missing localization key for character first name Yuk2, reverting to random name
[18:20:52][character_templates_utils.cpp:1795]: Missing localization key for character first name U2, reverting to random name
[18:20:52][character_templates_utils.cpp:1795]: Missing localization key for character first name Geun, reverting to random name
[18:20:52][character_templates_utils.cpp:1795]: Missing localization key for character first name Gon, reverting to random name
[18:20:52][character_templates_utils.cpp:1795]: Missing localization key for character first name Hyeon2, reverting to random name
[18:20:52][character_templates_utils.cpp:1795]: Missing localization key for character first name Seok2, reverting to random name
[18:20:52][character_templates_utils.cpp:1795]: Missing localization key for character first name Yeob, reverting to random name
[18:20:52][character_templates_utils.cpp:1795]: Missing localization key for character first name On2, reverting to random name
[18:20:52][character_templates_utils.cpp:1795]: Missing localization key for character first name Hui3, reverting to random name
[18:20:52][character_templates_utils.cpp:1795]: Missing localization key for character first name Go, reverting to random name
[18:20:52][character_templates_utils.cpp:1795]: Missing localization key for character first name Seon2, reverting to random name
[18:20:52][character_templates_utils.cpp:1795]: Missing localization key for character first name Gang2, reverting to random name
[18:20:52][character_templates_utils.cpp:1795]: Missing localization key for character first name Eun2, reverting to random name
[18:20:52][character_templates_utils.cpp:1795]: Missing localization key for character first name Yuk2, reverting to random name
[18:20:52][character_templates_utils.cpp:1795]: Missing localization key for character first name U2, reverting to random name
[18:20:52][character_templates_utils.cpp:1795]: Missing localization key for character first name Geun, reverting to random name
[18:20:52][character_templates_utils.cpp:1795]: Missing localization key for character first name Gon, reverting to random name
[18:20:52][character_templates_utils.cpp:1795]: Missing localization key for character first name Hyeon2, reverting to random name
[18:20:52][character_templates_utils.cpp:1795]: Missing localization key for character first name Seok2, reverting to random name
[18:20:53][lexer.cpp:285]: File 'common/scripted_buttons/eafp_bakuhantaisei_buttons.txt' should be in utf8-bom encoding (will try to use it anyways)
[18:20:53][lexer.cpp:285]: File 'common/scripted_buttons/eafp_chinese_interregnum_buttons.txt' should be in utf8-bom encoding (will try to use it anyways)
[18:20:53][jomini_effect.cpp:542]: Unknown effect random_scope_state_in_dongbei at common/scripted_buttons/eafp_kor_manchuria_buttons.txt:28
[18:20:53][jomini_effect.cpp:542]: Unknown effect every_scope_state_in_dongbei at common/scripted_buttons/eafp_kor_manchuria_buttons.txt:110
[18:20:53][jomini_dynamicdescription.cpp:67]: Unrecognized loc key eafp_scripted_button_wonnap. common/scripted_buttons/eafp_korea_buttons.txt:2
[18:20:53][jomini_dynamicdescription.cpp:67]: Unrecognized loc key eafp_scripted_button_wonnap_desc. common/scripted_buttons/eafp_korea_buttons.txt:3
[18:20:53][jomini_dynamicdescription.cpp:67]: Unrecognized loc key eafp_scripted_button_health_walk. common/scripted_buttons/eafp_korea_buttons.txt:1010
[18:20:53][jomini_dynamicdescription.cpp:67]: Unrecognized loc key eafp_scripted_button_health_walk_desc. common/scripted_buttons/eafp_korea_buttons.txt:1011
[18:20:53][jomini_dynamicdescription.cpp:67]: Unrecognized loc key eafp_scripted_button_health_inspectation_tour. common/scripted_buttons/eafp_korea_buttons.txt:1038
[18:20:53][jomini_dynamicdescription.cpp:67]: Unrecognized loc key eafp_scripted_button_health_inspectation_tour_desc. common/scripted_buttons/eafp_korea_buttons.txt:1039
[18:20:53][jomini_dynamicdescription.cpp:67]: Unrecognized loc key eafp_scripted_button_health_hunting. common/scripted_buttons/eafp_korea_buttons.txt:1088
[18:20:53][jomini_dynamicdescription.cpp:67]: Unrecognized loc key eafp_scripted_button_health_hunting_desc. common/scripted_buttons/eafp_korea_buttons.txt:1089
[18:20:53][jomini_dynamicdescription.cpp:67]: Unrecognized loc key eafp_scripted_button_health_tomb_tour. common/scripted_buttons/eafp_korea_buttons.txt:1181
[18:20:53][jomini_dynamicdescription.cpp:67]: Unrecognized loc key eafp_scripted_button_health_tomb_tour_desc. common/scripted_buttons/eafp_korea_buttons.txt:1182
[18:20:53][jomini_dynamicdescription.cpp:67]: Unrecognized loc key eafp_scripted_button_gando_ambition_gando_acquisition. common/scripted_buttons/eafp_korean_reformation_buttons.txt:183
[18:20:53][jomini_dynamicdescription.cpp:67]: Unrecognized loc key eafp_scripted_button_gando_ambition_gando_acquisition_desc. common/scripted_buttons/eafp_korean_reformation_buttons.txt:184
[18:20:53][jomini_dynamicdescription.cpp:67]: Unrecognized loc key formosa_survey_progress_bar. common/scripted_progress_bars/eafp_formosa_expedition_progress_bars.txt:2
[18:20:53][jomini_dynamicdescription.cpp:67]: Unrecognized loc key formosa_survey_progress_bar_desc. common/scripted_progress_bars/eafp_formosa_expedition_progress_bars.txt:3
[18:20:53][jomini_dynamicdescription.cpp:67]: Unrecognized loc key new_culture_movement_progress_bar. common/scripted_progress_bars/eafp_new_culture_movement_progress_bars.txt:2
[18:20:53][jomini_dynamicdescription.cpp:67]: Unrecognized loc key new_culture_movement_progress_bar_desc. common/scripted_progress_bars/eafp_new_culture_movement_progress_bars.txt:3
[18:20:53][lexer.cpp:285]: File 'common/journal_entries/eafp_07_taming_the_north.txt' should be in utf8-bom encoding (will try to use it anyways)
[18:20:53][lexer.cpp:285]: File 'common/journal_entries/eafp_mongolia_journal_entries.txt' should be in utf8-bom encoding (will try to use it anyways)
[18:20:53][jomini_effect.cpp:542]: Unknown effect every_scope_state_in_dongbei at common/journal_entries/eafp_kor_manchuria_management.txt:114
[18:20:53][jomini_effect.cpp:753]: Inconsistent effect scopes (country vs. journal_entry) incommon/journal_entries/eafp_taiping_administration.txt:112
[18:20:53][pdx_persistent_reader.cpp:268]: Error: "Unknown trigger type: relations:c:KOR, near line: 85" in file: "common/journal_entries/eafp_taiwan_journal.txt" near line: 86
[18:20:53][pdx_persistent_reader.cpp:268]: Error: "Trigger section already read earlier: potential, near line: 16" in file: "common/character_interactions/eafp_character_interactions.txt" near line: 28
[18:20:53][building_type.cpp:1746]: Building type is missing loc key! Building Type: building_gyeongbokgung_poor
[18:20:53][building_type.cpp:1752]: Production Method Group is missing loc key! Production Method Group: pmg_base_building_gyeongbokgung_poor
[18:20:53][building_type.cpp:1758]: Production Method is missing loc key! Production Method: pm_default_building_gyeongbokgung_poor
[18:20:53][building_type.cpp:1758]: Production Method is missing loc key! Production Method: pm_default_building_gyeongbokgung_poor_other
[18:20:53][building_type.cpp:1752]: Production Method Group is missing loc key! Production Method Group: pmg_rebuild_building_gyeongbokgung_poor
[18:20:53][building_type.cpp:1758]: Production Method is missing loc key! Production Method: pm_rebuild_gyeongbokgung_0
[18:20:53][building_type.cpp:1758]: Production Method is missing loc key! Production Method: pm_rebuild_gyeongbokgung_1
[18:20:53][building_type.cpp:1758]: Production Method is missing loc key! Production Method: pm_rebuild_gyeongbokgung_2
[18:20:53][building_type.cpp:1758]: Production Method is missing loc key! Production Method: pm_rebuild_gyeongbokgung_3
[18:20:53][building_type.cpp:1758]: Production Method is missing loc key! Production Method: pm_rebuild_gyeongbokgung_4
[18:20:53][building_type.cpp:1746]: Building type is missing loc key! Building Type: building_gyeongbokgung
[18:20:53][building_type.cpp:1752]: Production Method Group is missing loc key! Production Method Group: pmg_base_building_gyeongbokgung
[18:20:53][building_type.cpp:1758]: Production Method is missing loc key! Production Method: pm_base_gyeongbokgung_monarchy
[18:20:53][building_type.cpp:1758]: Production Method is missing loc key! Production Method: pm_base_gyeongbokgung_republic
[18:20:53][building_type.cpp:1752]: Production Method Group is missing loc key! Production Method Group: pmg_admn_building_gyeongbokgung
[18:20:53][building_type.cpp:1758]: Production Method is missing loc key! Production Method: pm_admn_gyeongbokgung_off
[18:20:53][building_type.cpp:1758]: Production Method is missing loc key! Production Method: pm_admn_gyeongbokgung_bureau
[18:20:53][building_type.cpp:1758]: Production Method is missing loc key! Production Method: pm_admn_gyeongbokgung_decree
[18:20:53][building_type.cpp:1752]: Production Method Group is missing loc key! Production Method Group: pmg_elec_building_gyeongbokgung
[18:20:53][building_type.cpp:1758]: Production Method is missing loc key! Production Method: pm_elec_gyeongbokgung_off
[18:20:53][building_type.cpp:1758]: Production Method is missing loc key! Production Method: pm_elec_gyeongbokgung_generator
[18:20:53][building_type.cpp:1758]: Production Method is missing loc key! Production Method: pm_elec_gyeongbokgung_telephone
[18:20:53][building_type.cpp:1752]: Production Method Group is missing loc key! Production Method Group: pmg_tour_building_gyeongbokgung
[18:20:53][building_type.cpp:1758]: Production Method is missing loc key! Production Method: pm_tour_gyeongbokgung_off
[18:20:53][building_type.cpp:1758]: Production Method is missing loc key! Production Method: pm_tour_gyeongbokgung_civil_close
[18:20:53][building_type.cpp:1758]: Production Method is missing loc key! Production Method: pm_tour_gyeongbokgung_civil_open
[18:20:53][building_type.cpp:1758]: Production Method is missing loc key! Production Method: pm_tour_gyeongbokgung_civil_free
[18:20:53][lexer.cpp:285]: File 'common/ai_strategies/eafp_chinese_westernization_strategies.txt' should be in utf8-bom encoding (will try to use it anyways)
[18:20:54][character_traits.cpp:256]: Character Trait is missing loc key! Trait: special_character_kor_grand_empress_dowager
[18:20:54][character_traits.cpp:256]: Character Trait is missing loc key! Trait: special_character_kor_daewongun
[18:20:54][character_traits.cpp:256]: Character Trait is missing loc key! Trait: special_character_sedo_family_leader
[18:20:54][character_traits.cpp:256]: Character Trait is missing loc key! Trait: kor_hwan_slot_1
[18:20:54][character_traits.cpp:256]: Character Trait is missing loc key! Trait: kor_hwan_slot_2
[18:20:54][character_traits.cpp:256]: Character Trait is missing loc key! Trait: kor_hwan_slot_3
[18:20:54][character_traits.cpp:256]: Character Trait is missing loc key! Trait: kor_hwan_slot_4
[18:20:54][character_traits.cpp:256]: Character Trait is missing loc key! Trait: kor_hwan_slot_5
[18:20:54][character_traits.cpp:256]: Character Trait is missing loc key! Trait: kor_hwan_slot_6
[18:20:54][jomini_onaction.cpp:29]: No on_action scripted with tag japan_on_law_enactment_pass cannot link
[18:20:54][journal_entry_type.cpp:471]: Journal entry is missing loc for je_chinese_missions_goal
[18:20:54][journal_entry_type.cpp:485]: Journal entry is missing loc for je_xinhai_revolution
[18:20:54][journal_entry_type.cpp:490]: Journal entry is missing loc for je_xinhai_revolution_reason!
[18:20:54][journal_entry_type.cpp:485]: Journal entry is missing loc for je_xinhai_revolution_kmt
[18:20:54][journal_entry_type.cpp:490]: Journal entry is missing loc for je_xinhai_revolution_kmt_reason!
[18:20:54][journal_entry_type.cpp:471]: Journal entry is missing loc for je_chinese_educational_mission_goal
[18:20:54][journal_entry_type.cpp:476]: Journal entry has redundant loc for je_dowager_cixi_goal
[18:20:54][journal_entry_type.cpp:490]: Journal entry is missing loc for je_hui_revolt_pre_reason!
[18:20:54][journal_entry_type.cpp:476]: Journal entry has redundant loc for je_bakuhantaisei_goal
[18:20:54][journal_entry_type.cpp:476]: Journal entry has redundant loc for je_bakufu_zaisei_goal
[18:20:54][journal_entry_type.cpp:476]: Journal entry has redundant loc for je_formosa_expedition_goal
[18:20:54][journal_entry_type.cpp:476]: Journal entry has redundant loc for je_korean_kings_health_goal
[18:20:54][journal_entry_type.cpp:476]: Journal entry has redundant loc for je_yangjeon_goal
[18:20:54][journal_entry_type.cpp:476]: Journal entry has redundant loc for je_korean_imsul_boom_goal
[18:20:54][journal_entry_type.cpp:476]: Journal entry has redundant loc for je_king_cheoljong_education_goal
[18:20:54][journal_entry_type.cpp:476]: Journal entry has redundant loc for je_korean_regent_goal
[18:20:54][journal_entry_type.cpp:476]: Journal entry has redundant loc for je_korean_regent_inactive_goal
[18:20:54][journal_entry_type.cpp:476]: Journal entry has redundant loc for je_sedo_politics_goal
[18:20:54][journal_entry_type.cpp:476]: Journal entry has redundant loc for je_korean_confu_goal
[18:20:54][journal_entry_type.cpp:485]: Journal entry is missing loc for je_rlg_seoul_gyeongbokgung_poor
[18:20:54][journal_entry_type.cpp:490]: Journal entry is missing loc for je_rlg_seoul_gyeongbokgung_poor_reason!
[18:20:54][journal_entry_type.cpp:485]: Journal entry is missing loc for je_rlg_seoul_gyeongbokgung_rebuild
[18:20:54][journal_entry_type.cpp:490]: Journal entry is missing loc for je_rlg_seoul_gyeongbokgung_rebuild_reason!
[18:20:54][journal_entry_type.cpp:471]: Journal entry is missing loc for je_rlg_seoul_gyeongbokgung_rebuild_goal
[18:20:54][journal_entry_type.cpp:476]: Journal entry has redundant loc for je_seoul_improvement_project_goal
[18:20:54][journal_entry_type.cpp:485]: Journal entry is missing loc for je_gando_ambition
[18:20:54][journal_entry_type.cpp:490]: Journal entry is missing loc for je_gando_ambition_reason!
[18:20:54][journal_entry_type.cpp:476]: Journal entry has redundant loc for je_provisional_presidency_ysk_goal
[18:20:54][journal_entry_type.cpp:476]: Journal entry has redundant loc for je_provisional_presidency_sys_goal
[18:20:54][journal_entry_type.cpp:485]: Journal entry is missing loc for je_scholar_bureaucrats
[18:20:54][journal_entry_type.cpp:490]: Journal entry is missing loc for je_scholar_bureaucrats_reason!
[18:20:54][journal_entry_type.cpp:471]: Journal entry is missing loc for je_reconstruct_summer_palace_goal
[18:20:54][journal_entry_type.cpp:476]: Journal entry has redundant loc for je_eafp_taiwan_pioneer_goal
[18:20:54][building_type.cpp:1746]: Building type is missing loc key! Building Type: building_gyeongbokgung_poor
[18:20:54][building_type.cpp:1752]: Production Method Group is missing loc key! Production Method Group: pmg_base_building_gyeongbokgung_poor
[18:20:54][building_type.cpp:1758]: Production Method is missing loc key! Production Method: pm_default_building_gyeongbokgung_poor
[18:20:54][building_type.cpp:1758]: Production Method is missing loc key! Production Method: pm_default_building_gyeongbokgung_poor_other
[18:20:54][building_type.cpp:1752]: Production Method Group is missing loc key! Production Method Group: pmg_rebuild_building_gyeongbokgung_poor
[18:20:54][building_type.cpp:1758]: Production Method is missing loc key! Production Method: pm_rebuild_gyeongbokgung_0
[18:20:54][building_type.cpp:1758]: Production Method is missing loc key! Production Method: pm_rebuild_gyeongbokgung_1
[18:20:54][building_type.cpp:1758]: Production Method is missing loc key! Production Method: pm_rebuild_gyeongbokgung_2
[18:20:54][building_type.cpp:1758]: Production Method is missing loc key! Production Method: pm_rebuild_gyeongbokgung_3
[18:20:54][building_type.cpp:1758]: Production Method is missing loc key! Production Method: pm_rebuild_gyeongbokgung_4
[18:20:54][building_type.cpp:1746]: Building type is missing loc key! Building Type: building_gyeongbokgung
[18:20:54][building_type.cpp:1752]: Production Method Group is missing loc key! Production Method Group: pmg_base_building_gyeongbokgung
[18:20:54][building_type.cpp:1758]: Production Method is missing loc key! Production Method: pm_base_gyeongbokgung_monarchy
[18:20:54][building_type.cpp:1758]: Production Method is missing loc key! Production Method: pm_base_gyeongbokgung_republic
[18:20:54][building_type.cpp:1752]: Production Method Group is missing loc key! Production Method Group: pmg_admn_building_gyeongbokgung
[18:20:54][building_type.cpp:1758]: Production Method is missing loc key! Production Method: pm_admn_gyeongbokgung_off
[18:20:54][building_type.cpp:1758]: Production Method is missing loc key! Production Method: pm_admn_gyeongbokgung_bureau
[18:20:54][building_type.cpp:1758]: Production Method is missing loc key! Production Method: pm_admn_gyeongbokgung_decree
[18:20:54][building_type.cpp:1752]: Production Method Group is missing loc key! Production Method Group: pmg_elec_building_gyeongbokgung
[18:20:54][building_type.cpp:1758]: Production Method is missing loc key! Production Method: pm_elec_gyeongbokgung_off
[18:20:54][building_type.cpp:1758]: Production Method is missing loc key! Production Method: pm_elec_gyeongbokgung_generator
[18:20:54][building_type.cpp:1758]: Production Method is missing loc key! Production Method: pm_elec_gyeongbokgung_telephone
[18:20:54][building_type.cpp:1752]: Production Method Group is missing loc key! Production Method Group: pmg_tour_building_gyeongbokgung
[18:20:54][building_type.cpp:1758]: Production Method is missing loc key! Production Method: pm_tour_gyeongbokgung_off
[18:20:54][building_type.cpp:1758]: Production Method is missing loc key! Production Method: pm_tour_gyeongbokgung_civil_close
[18:20:54][building_type.cpp:1758]: Production Method is missing loc key! Production Method: pm_tour_gyeongbokgung_civil_open
[18:20:54][building_type.cpp:1758]: Production Method is missing loc key! Production Method: pm_tour_gyeongbokgung_civil_free
[18:20:54][power_bloc_statue_hero_type.cpp:141]: Identity 'identity_eafp_mandate_of_heaven' is not default for any hero!
[18:20:54][power_bloc_statue_hero_type.cpp:141]: Identity 'identity_eafp_chinese_interregnum' is not default for any hero!
[18:20:54][power_bloc_statue_pedestal_type.cpp:62]: Identity 'identity_eafp_mandate_of_heaven' is not default for any pedestal!
[18:20:54][power_bloc_statue_pedestal_type.cpp:62]: Identity 'identity_eafp_chinese_interregnum' is not default for any pedestal!
[18:20:54][character_templates_utils.cpp:1795]: Missing localization key for character first name Jeong-Huwe, reverting to random name
[18:20:55][jomini_script_system.cpp:247]: Script system error!
  Error: has_building trigger [ Invalid database object 'building_gaudi_gyeong' ]
  Script location: events/eafp_kor_events/eafp_kor_mainline.txt:2707

[18:20:55][jomini_trigger.cpp:224]: PostValidate of trigger 'has_building' returned false at events/eafp_kor_events/eafp_kor_mainline.txt:2707
[18:20:55][jomini_script_system.cpp:247]: Script system error!
  Error: has_building trigger [ Invalid database object 'building_gaudi_gyeong' ]
  Script location: events/eafp_kor_events/eafp_kor_mainline.txt:2716

[18:20:55][jomini_trigger.cpp:224]: PostValidate of trigger 'has_building' returned false at events/eafp_kor_events/eafp_kor_mainline.txt:2716
[18:20:55][jomini_script_system.cpp:247]: Script system error!
  Error: any_scope_state trigger [ Filter should only be used if a percent or count = all is specified ]
  Script location: common/scripted_triggers/eafp_mongolia_triggers.txt:52

[18:20:55][jomini_trigger.cpp:224]: PostValidate of trigger 'any_scope_state' returned false at common/scripted_triggers/eafp_mongolia_triggers.txt:52
[18:20:55][jomini_script_system.cpp:247]: Script system error!
  Error: custom_tooltip trigger [ Unknown loc key war_with_china_not_korea_tt ]
  Script location: common/scripted_buttons/eafp_korean_reformation_buttons.txt:223

[18:20:55][jomini_trigger.cpp:224]: PostValidate of trigger 'custom_tooltip' returned false at common/scripted_buttons/eafp_korean_reformation_buttons.txt:223
[18:20:55][jomini_script_system.cpp:247]: Script system error!
  Error: custom_tooltip trigger [ Unknown loc key owes_korea_obligation_tt ]
  Script location: common/scripted_buttons/eafp_korean_reformation_buttons.txt:231

[18:20:55][jomini_trigger.cpp:224]: PostValidate of trigger 'custom_tooltip' returned false at common/scripted_buttons/eafp_korean_reformation_buttons.txt:231
[18:20:55][jomini_script_system.cpp:247]: Script system error!
  Error: any_scope_state trigger [ Filter should only be used if a percent or count = all is specified ]
  Script location: common/journal_entries/eafp_mongolia_journal_entries.txt:70

[18:20:55][jomini_trigger.cpp:224]: PostValidate of trigger 'any_scope_state' returned false at common/journal_entries/eafp_mongolia_journal_entries.txt:70
[18:20:55][jomini_script_system.cpp:247]: Script system error!
  Error: custom_tooltip trigger [ Unknown loc key TRANSFER_SUBJECT_OTHER_THAN_RECIPIENT ]
  Script location: common/treaty_articles/30_transfer_subject.txt:25

[18:20:55][jomini_trigger.cpp:224]: PostValidate of trigger 'custom_tooltip' returned false at common/treaty_articles/30_transfer_subject.txt:25
[18:20:56][eventtargetlinks.cpp:137]: Invalid database object key 'donghak' file location: common/ideologies/eafp_leader_ideologies.txt:1055
[18:20:56][eventtargetlinks.cpp:137]: Invalid database object key 'law_one_party_state' file location: events/warlord_china_events.txt:69
[18:20:56][eventtargetlinks.cpp:137]: Invalid database object key 'region_east_siberia' file location: common/scripted_buttons/eafp_04_russia_buttons.txt:738
[18:20:56][jomini_script_system.cpp:247]: Script system error!
  Error: create_building effect [ Invalid production method: pm_default_building_edojo ]
  Script location: common/history/buildings/jap_building.txt:4

[18:20:56][jomini_script_system.cpp:247]: Script system error!
  Error: create_building effect [ Invalid production method: pm_military_shipbuilding_wooden ]
  Script location: common/history/buildings/kor_building.txt:75

[18:20:56][jomini_script_system.cpp:247]: Script system error!
  Error: post_notification effect [ Invalid database object 'ig_leader_memento_mori' ]
  Script location: events/eafp_chi_events/eafp_chi_military_headquarters_events.txt:15

[18:20:56][jomini_effect.cpp:141]: PostValidate of effect 'post_notification' returned false at events/eafp_chi_events/eafp_chi_military_headquarters_events.txt:15
[18:20:56][jomini_script_system.cpp:247]: Script system error!
  Error: create_building effect [ Invalid building ]
  Script location: common/history/buildings/jap_building.txt:4

[18:20:56][jomini_effect.cpp:141]: PostValidate of effect 'create_building' returned false at common/history/buildings/jap_building.txt:4
[18:20:56][jomini_script_system.cpp:247]: Script system error!
  Error: create_building effect [ Invalid building ]
  Script location: common/history/buildings/kor_building.txt:75

[18:20:56][jomini_effect.cpp:141]: PostValidate of effect 'create_building' returned false at common/history/buildings/kor_building.txt:75
[18:20:56][jomini_effect.cpp:1139]: Flag 'nankiha' is used but is never set. Setting it in an unused scripted trigger or effect does not count
[18:20:56][jomini_effect.cpp:1139]: Flag 'roju' is used but is never set. Setting it in an unused scripted trigger or effect does not count
[18:20:56][jomini_effect.cpp:1139]: Flag 'moderate' is used but is never set. Setting it in an unused scripted trigger or effect does not count
[18:20:56][jomini_effect.cpp:1135]: Flag 'chi_manchu_cities' is set but is never used. Note that use in localization doesn't count due to technical limitations. Use in unused scripted triggers and effects also does not count
[18:20:56][jomini_effect.cpp:1135]: Flag 'chi_manchurianization_policies' is set but is never used. Note that use in localization doesn't count due to technical limitations. Use in unused scripted triggers and effects also does not count
[18:20:56][jomini_effect.cpp:1139]: Flag 'hitotsubashiha' is used but is never set. Setting it in an unused scripted trigger or effect does not count
[18:20:56][jomini_effect.cpp:1135]: Flag 'chi_manchu_vacancies' is set but is never used. Note that use in localization doesn't count due to technical limitations. Use in unused scripted triggers and effects also does not count
[18:20:56][jomini_effect.cpp:1139]: Flag 'rojushuza' is used but is never set. Setting it in an unused scripted trigger or effect does not count
[18:20:56][jomini_effect.cpp:1135]: Flag 'chi_banner_subsidies' is set but is never used. Note that use in localization doesn't count due to technical limitations. Use in unused scripted triggers and effects also does not count
[18:20:56][jomini_effect.cpp:1135]: Flag 'chi_banner_armies' is set but is never used. Note that use in localization doesn't count due to technical limitations. Use in unused scripted triggers and effects also does not count
[18:20:56][jomini_effect.cpp:1139]: Flag 'tairo' is used but is never set. Setting it in an unused scripted trigger or effect does not count
[18:20:56][jomini_effect.cpp:1135]: Variable 'eafp_jap_bakufu_reform_timed_out' is set but is never used. Note that use in localization doesn't count due to technical limitations. Use in unused scripted triggers and effects also does not count
[18:20:56][jomini_effect.cpp:1139]: Variable 'taiping_internal_conflict_resolved' is used but is never set. Setting it in an unused scripted trigger or effect does not count
[18:20:56][jomini_effect.cpp:1139]: Variable 'orleanist_leader' is used but is never set. Setting it in an unused scripted trigger or effect does not count
[18:20:56][jomini_effect.cpp:1135]: Variable 'boshin_war_happened' is set but is never used. Note that use in localization doesn't count due to technical limitations. Use in unused scripted triggers and effects also does not count
[18:20:56][jomini_effect.cpp:1135]: Variable 'eafp_jap_restoration_failed' is set but is never used. Note that use in localization doesn't count due to technical limitations. Use in unused scripted triggers and effects also does not count
[18:20:56][jomini_effect.cpp:1139]: Variable 'won_boxer_rebellion' is used but is never set. Setting it in an unused scripted trigger or effect does not count
[18:20:56][jomini_effect.cpp:1139]: Variable 'eafp_claiming_chinese_central_government' is used but is never set. Setting it in an unused scripted trigger or effect does not count
[18:20:56][jomini_effect.cpp:1135]: Variable 'jeu_executed' is set but is never used. Note that use in localization doesn't count due to technical limitations. Use in unused scripted triggers and effects also does not count
[18:20:56][jomini_effect.cpp:1135]: Variable 'jeu_released' is set but is never used. Note that use in localization doesn't count due to technical limitations. Use in unused scripted triggers and effects also does not count
[18:20:56][jomini_effect.cpp:1135]: Variable 'korean_reformation_complete_var' is set but is never used. Note that use in localization doesn't count due to technical limitations. Use in unused scripted triggers and effects also does not count
[18:20:56][jomini_effect.cpp:1139]: Variable 'WCR_westernized_nation' is used but is never set. Setting it in an unused scripted trigger or effect does not count
[18:20:56][jomini_effect.cpp:1139]: Variable 'bonapartist_leader' is used but is never set. Setting it in an unused scripted trigger or effect does not count
[18:20:56][jomini_effect.cpp:1139]: Variable 'china_han_empire' is used but is never set. Setting it in an unused scripted trigger or effect does not count
[18:20:56][jomini_effect.cpp:1135]: Variable 'eafp_jap_meiji_diplomacy_finished' is set but is never used. Note that use in localization doesn't count due to technical limitations. Use in unused scripted triggers and effects also does not count
[18:20:56][jomini_effect.cpp:1139]: Event target 'eafp_manchuria_migrant_target_state' is used but is never set. Setting it in an unused scripted trigger or effect does not count
[18:20:56][jomini_eventmanager.cpp:376]: Event boxer_rebellion_events.4 is orphaned
[18:20:56][jomini_eventmanager.cpp:376]: Event eafp_ryukyu.4 is orphaned
[18:20:56][jomini_eventmanager.cpp:376]: Event chi_flavor.9 is orphaned
[18:20:56][jomini_eventmanager.cpp:376]: Event hanbatsu_oligarchy_events.1 is orphaned
[18:20:56][jomini_eventmanager.cpp:376]: Event eafp_japan.2007 is orphaned
[18:20:56][jomini_eventmanager.cpp:376]: Event eafp_japan.2309 is orphaned
[18:20:56][jomini_eventmanager.cpp:376]: Event eafp_japan.4002 is orphaned
[18:20:56][jomini_eventmanager.cpp:376]: Event eafp_japan.4003 is orphaned
[18:20:56][jomini_eventmanager.cpp:376]: Event eafp_japan.4004 is orphaned
[18:20:56][jomini_eventmanager.cpp:376]: Event eafp_japan.5002 is orphaned
[18:20:56][jomini_eventmanager.cpp:376]: Event eafp_japan.5004 is orphaned
[18:20:56][jomini_eventmanager.cpp:376]: Event eafp_mgl.400 is orphaned
